Archive member included to satisfy reference by file (symbol)

c:/imt_sdk_win_64/winarm/armgcc/bin/../lib/gcc/arm-none-eabi/7.2.1/thumb/v7e-m\libgcc.a(_arm_addsubdf3.o)
                              ./src/00_COTS/04_SERVICE/Speed/Speed.o (__aeabi_dsub)
c:/imt_sdk_win_64/winarm/armgcc/bin/../lib/gcc/arm-none-eabi/7.2.1/thumb/v7e-m\libgcc.a(_arm_muldivdf3.o)
                              ./src/00_COTS/04_SERVICE/BMS/BMS.o (__aeabi_dmul)
c:/imt_sdk_win_64/winarm/armgcc/bin/../lib/gcc/arm-none-eabi/7.2.1/thumb/v7e-m\libgcc.a(_arm_cmpdf2.o)
                              ./src/00_COTS/04_SERVICE/Speed/Speed.o (__aeabi_dcmpge)
c:/imt_sdk_win_64/winarm/armgcc/bin/../lib/gcc/arm-none-eabi/7.2.1/thumb/v7e-m\libgcc.a(_arm_fixunsdfsi.o)
                              ./src/00_COTS/04_SERVICE/BMS/BMS.o (__aeabi_d2uiz)
c:/imt_sdk_win_64/winarm/armgcc/bin/../lib/gcc/arm-none-eabi/7.2.1/../../../../arm-none-eabi/lib/thumb/v7e-m\libg_nano.a(lib_a-errno.o)
                              ./system/src/newlib/_sbrk.o (__errno)
c:/imt_sdk_win_64/winarm/armgcc/bin/../lib/gcc/arm-none-eabi/7.2.1/../../../../arm-none-eabi/lib/thumb/v7e-m\libg_nano.a(lib_a-impure.o)
                              c:/imt_sdk_win_64/winarm/armgcc/bin/../lib/gcc/arm-none-eabi/7.2.1/../../../../arm-none-eabi/lib/thumb/v7e-m\libg_nano.a(lib_a-errno.o) (_impure_ptr)
c:/imt_sdk_win_64/winarm/armgcc/bin/../lib/gcc/arm-none-eabi/7.2.1/../../../../arm-none-eabi/lib/thumb/v7e-m\libg_nano.a(lib_a-strlen.o)
                              ./system/src/diag/Trace.o (strlen)
c:/imt_sdk_win_64/winarm/armgcc/bin/../lib/gcc/arm-none-eabi/7.2.1/../../../../arm-none-eabi/lib/thumb/v7e-m\libg_nano.a(lib_a-vsnprintf.o)
                              ./system/src/diag/Trace.o (vsnprintf)
c:/imt_sdk_win_64/winarm/armgcc/bin/../lib/gcc/arm-none-eabi/7.2.1/../../../../arm-none-eabi/lib/thumb/v7e-m\libg_nano.a(lib_a-nano-svfprintf.o)
                              c:/imt_sdk_win_64/winarm/armgcc/bin/../lib/gcc/arm-none-eabi/7.2.1/../../../../arm-none-eabi/lib/thumb/v7e-m\libg_nano.a(lib_a-vsnprintf.o) (_svfprintf_r)
c:/imt_sdk_win_64/winarm/armgcc/bin/../lib/gcc/arm-none-eabi/7.2.1/../../../../arm-none-eabi/lib/thumb/v7e-m\libg_nano.a(lib_a-nano-vfprintf_i.o)
                              c:/imt_sdk_win_64/winarm/armgcc/bin/../lib/gcc/arm-none-eabi/7.2.1/../../../../arm-none-eabi/lib/thumb/v7e-m\libg_nano.a(lib_a-nano-svfprintf.o) (_printf_i)
c:/imt_sdk_win_64/winarm/armgcc/bin/../lib/gcc/arm-none-eabi/7.2.1/../../../../arm-none-eabi/lib/thumb/v7e-m\libg_nano.a(lib_a-memchr.o)
                              c:/imt_sdk_win_64/winarm/armgcc/bin/../lib/gcc/arm-none-eabi/7.2.1/../../../../arm-none-eabi/lib/thumb/v7e-m\libg_nano.a(lib_a-nano-svfprintf.o) (memchr)
c:/imt_sdk_win_64/winarm/armgcc/bin/../lib/gcc/arm-none-eabi/7.2.1/../../../../arm-none-eabi/lib/thumb/v7e-m\libg_nano.a(lib_a-memcpy-stub.o)
                              c:/imt_sdk_win_64/winarm/armgcc/bin/../lib/gcc/arm-none-eabi/7.2.1/../../../../arm-none-eabi/lib/thumb/v7e-m\libg_nano.a(lib_a-nano-svfprintf.o) (memcpy)
c:/imt_sdk_win_64/winarm/armgcc/bin/../lib/gcc/arm-none-eabi/7.2.1/../../../../arm-none-eabi/lib/thumb/v7e-m\libg_nano.a(lib_a-memmove.o)
                              c:/imt_sdk_win_64/winarm/armgcc/bin/../lib/gcc/arm-none-eabi/7.2.1/../../../../arm-none-eabi/lib/thumb/v7e-m\libg_nano.a(lib_a-nano-svfprintf.o) (memmove)
c:/imt_sdk_win_64/winarm/armgcc/bin/../lib/gcc/arm-none-eabi/7.2.1/../../../../arm-none-eabi/lib/thumb/v7e-m\libg_nano.a(lib_a-nano-freer.o)
                              c:/imt_sdk_win_64/winarm/armgcc/bin/../lib/gcc/arm-none-eabi/7.2.1/../../../../arm-none-eabi/lib/thumb/v7e-m\libg_nano.a(lib_a-nano-svfprintf.o) (_free_r)
c:/imt_sdk_win_64/winarm/armgcc/bin/../lib/gcc/arm-none-eabi/7.2.1/../../../../arm-none-eabi/lib/thumb/v7e-m\libg_nano.a(lib_a-nano-mallocr.o)
                              c:/imt_sdk_win_64/winarm/armgcc/bin/../lib/gcc/arm-none-eabi/7.2.1/../../../../arm-none-eabi/lib/thumb/v7e-m\libg_nano.a(lib_a-nano-svfprintf.o) (_malloc_r)
c:/imt_sdk_win_64/winarm/armgcc/bin/../lib/gcc/arm-none-eabi/7.2.1/../../../../arm-none-eabi/lib/thumb/v7e-m\libg_nano.a(lib_a-nano-reallocr.o)
                              c:/imt_sdk_win_64/winarm/armgcc/bin/../lib/gcc/arm-none-eabi/7.2.1/../../../../arm-none-eabi/lib/thumb/v7e-m\libg_nano.a(lib_a-nano-svfprintf.o) (_realloc_r)
c:/imt_sdk_win_64/winarm/armgcc/bin/../lib/gcc/arm-none-eabi/7.2.1/../../../../arm-none-eabi/lib/thumb/v7e-m\libg_nano.a(lib_a-sbrkr.o)
                              c:/imt_sdk_win_64/winarm/armgcc/bin/../lib/gcc/arm-none-eabi/7.2.1/../../../../arm-none-eabi/lib/thumb/v7e-m\libg_nano.a(lib_a-nano-mallocr.o) (_sbrk_r)
c:/imt_sdk_win_64/winarm/armgcc/bin/../lib/gcc/arm-none-eabi/7.2.1/../../../../arm-none-eabi/lib/thumb/v7e-m\libg_nano.a(lib_a-mlock.o)
[...]
Memory Configuration

Name             Origin             Length             Attributes
RAM              0x20000000         0x00010000         xrw
CCMRAM           0x10000000         0x00000000         xrw
FLASH            0x08000000         0x00080000         xr
FLASHB1          0x00000000         0x00000000         xr
EXTMEMB0         0x00000000         0x00000000         xr
EXTMEMB1         0x00000000         0x00000000         xr
EXTMEMB2         0x00000000         0x00000000         xr
EXTMEMB3         0x00000000         0x00000000         xr
*default*        0x00000000         0xffffffff

Linker script and memory map

LOAD ./system/src/stm32f4-hal/stm32f4xx_hal.o
LOAD ./system/src/stm32f4-hal/stm32f4xx_hal_cortex.o
LOAD ./system/src/stm32f4-hal/stm32f4xx_hal_dfsdm.o
LOAD ./system/src/stm32f4-hal/stm32f4xx_hal_flash.o
LOAD ./system/src/stm32f4-hal/stm32f4xx_hal_gpio.o
LOAD ./system/src/stm32f4-hal/stm32f4xx_hal_iwdg.o
LOAD ./system/src/stm32f4-hal/stm32f4xx_hal_pwr.o
LOAD ./system/src/stm32f4-hal/stm32f4xx_hal_rcc.o
LOAD ./system/src/newlib/_cxx.o
LOAD ./system/src/newlib/_exit.o
LOAD ./system/src/newlib/_sbrk.o
LOAD ./system/src/newlib/_startup.o
LOAD ./system/src/newlib/_syscalls.o
LOAD ./system/src/newlib/assert.o
LOAD ./system/src/diag/Trace.o
LOAD ./system/src/diag/trace_impl.o
LOAD ./system/src/cortexm/_initialize_hardware.o
LOAD ./system/src/cortexm/_reset_hardware.o
LOAD ./system/src/cortexm/exception_handlers.o
LOAD ./system/src/cmsis/system_stm32f4xx.o
LOAD ./system/src/cmsis/vectors_stm32f401xc.o
LOAD ./src/00_COTS/04_SERVICE/Temp/Temp.o
LOAD ./src/00_COTS/04_SERVICE/Speed/Speed.o
LOAD ./src/00_COTS/04_SERVICE/Fuel/Fuel.o
LOAD ./src/00_COTS/04_SERVICE/BMS/BMS.o
LOAD ./src/00_COTS/02_HAL/Time/Time.o
LOAD ./src/00_COTS/02_HAL/System_Init/System_init.o
LOAD ./src/00_COTS/02_HAL/ENCODER/Encoder.o
LOAD ./src/00_COTS/02_HAL/DATA _FRAME/DATA_FRAME.o
LOAD ./src/00_COTS/02_HAL/ADC_conversion/ADC_conv.o
LOAD ./src/00_COTS/01_MCAL/08_MSPI/MSPI_Program.o
LOAD ./src/00_COTS/01_MCAL/07_ADC/ADC.o
LOAD ./src/00_COTS/01_MCAL/06_UART/USART.o
LOAD ./src/00_COTS/01_MCAL/05_DMA/DMA.o
LOAD ./src/00_COTS/01_MCAL/04_EXTI/EXTI_prog.o
LOAD ./src/00_COTS/01_MCAL/03_NVIC/NVIC.o
LOAD ./src/00_COTS/01_MCAL/02_SYSTICK/SYSTICK.o
LOAD ./src/00_COTS/01_MCAL/01_GPIO/GPIO.o
LOAD ./src/00_COTS/01_MCAL/00_RCC/RCC.o
LOAD ./src/00_COTS/main.o
LOAD ./src/_initialize_hardware.o
LOAD ./src/stm32f4xx_hal_msp.o
LOAD c:/imt_sdk_win_64/winarm/armgcc/bin/../lib/gcc/arm-none-eabi/7.2.1/../../../../arm-none-eabi/lib/thumb/v7e-m\libstdc++_nano.a
LOAD c:/imt_sdk_win_64/winarm/armgcc/bin/../lib/gcc/arm-none-eabi/7.2.1/../../../../arm-none-eabi/lib/thumb/v7e-m\libm.a
START GROUP
LOAD c:/imt_sdk_win_64/winarm/armgcc/bin/../lib/gcc/arm-none-eabi/7.2.1/thumb/v7e-m\libgcc.a
LOAD c:/imt_sdk_win_64/winarm/armgcc/bin/../lib/gcc/arm-none-eabi/7.2.1/../../../../arm-none-eabi/lib/thumb/v7e-m\libg_nano.a
LOAD c:/imt_sdk_win_64/winarm/armgcc/bin/../lib/gcc/arm-none-eabi/7.2.1/../../../../arm-none-eabi/lib/thumb/v7e-m\libc_nano.a
END GROUP
START GROUP
LOAD c:/imt_sdk_win_64/winarm/armgcc/bin/../lib/gcc/arm-none-eabi/7.2.1/thumb/v7e-m\libgcc.a
LOAD c:/imt_sdk_win_64/winarm/armgcc/bin/../lib/gcc/arm-none-eabi/7.2.1/../../../../arm-none-eabi/lib/thumb/v7e-m\libc_nano.a
END GROUP
                0x20010000                __stack = (ORIGIN (RAM) + LENGTH (RAM))
                0x20010000                _estack = __stack
                0x00000400                __Main_Stack_Size = 0x400
                [!provide]                PROVIDE (_Main_Stack_Size, __Main_Stack_Size)
                0x2000fc00                __Main_Stack_Limit = (__stack - __Main_Stack_Size)
                [!provide]                PROVIDE (_Main_Stack_Limit, __Main_Stack_Limit)
                0x00000100                _Minimum_Stack_Size = 0x100
                0x20000174                PROVIDE (_Heap_Begin, _end_noinit)
                0x2000fc00                PROVIDE (_Heap_Limit, (__stack - __Main_Stack_Size))

.isr_vector     0x08000000      0x3f4
 FILL mask 0xff
                0x08000000                __vectors_start = ABSOLUTE (.)
                0x08000000                __vectors_start__ = ABSOLUTE (.)
 *(.isr_vector)
 .isr_vector    0x08000000      0x194 ./system/src/cmsis/vectors_stm32f401xc.o
                0x08000000                __isr_vectors
 *(.cfmconfig)
 *(.after_vectors .after_vectors.*)
 .after_vectors
                0x08000194      0x130 ./system/src/newlib/_startup.o
                0x08000194                _start
 .after_vectors
                0x080002c4      0x12c ./system/src/cortexm/exception_handlers.o
                0x080002c4                Reset_Handler
                0x080002ca                NMI_Handler
                0x080002ce                HardFault_Handler
                0x080002e2                HardFault_Handler_C
                0x08000340                MemManage_Handler
                0x08000344                BusFault_Handler
                0x08000358                BusFault_Handler_C
                0x0800038c                UsageFault_Handler
                0x080003a0                UsageFault_Handler_C
                0x080003d4                SVC_Handler
                0x080003d8                DebugMon_Handler
                0x080003dc                PendSV_Handler
                0x080003e0                SysTick_Handler
 .after_vectors
                0x080003f0        0x4 ./system/src/cmsis/vectors_stm32f401xc.o
                0x080003f0                RTC_Alarm_IRQHandler
                0x080003f0                EXTI2_IRQHandler
                0x080003f0                SPI4_IRQHandler
                0x080003f0                TIM1_CC_IRQHandler
                0x080003f0                DMA2_Stream5_IRQHandler
                0x080003f0                DMA1_Stream5_IRQHandler
                0x080003f0                PVD_IRQHandler
                0x080003f0                SDIO_IRQHandler
                0x080003f0                TAMP_STAMP_IRQHandler
                0x080003f0                EXTI3_IRQHandler
                0x080003f0                TIM1_UP_TIM10_IRQHandler
                0x080003f0                I2C3_ER_IRQHandler
                0x080003f0                I2C2_EV_IRQHandler
                0x080003f0                DMA1_Stream2_IRQHandler
                0x080003f0                FPU_IRQHandler
                0x080003f0                DMA2_Stream2_IRQHandler
                0x080003f0                SPI1_IRQHandler
                0x080003f0                TIM1_BRK_TIM9_IRQHandler
                0x080003f0                DMA2_Stream3_IRQHandler
                0x080003f0                USART6_IRQHandler
                0x080003f0                DMA2_Stream0_IRQHandler
                0x080003f0                TIM4_IRQHandler
                0x080003f0                I2C1_EV_IRQHandler
                0x080003f0                DMA1_Stream6_IRQHandler
                0x080003f0                DMA1_Stream1_IRQHandler
                0x080003f0                TIM3_IRQHandler
                0x080003f0                RCC_IRQHandler
                0x080003f0                Default_Handler
                0x080003f0                EXTI15_10_IRQHandler
                0x080003f0                DMA1_Stream7_IRQHandler
                0x080003f0                TIM5_IRQHandler
                0x080003f0                DMA2_Stream7_IRQHandler
                0x080003f0                I2C3_EV_IRQHandler
                0x080003f0                EXTI9_5_IRQHandler
                0x080003f0                RTC_WKUP_IRQHandler
                0x080003f0                SPI2_IRQHandler
                0x080003f0                DMA1_Stream0_IRQHandler
                0x080003f0                EXTI4_IRQHandler
                0x080003f0                WWDG_IRQHandler
                0x080003f0                TIM2_IRQHandler
                0x080003f0                OTG_FS_WKUP_IRQHandler
                0x080003f0                TIM1_TRG_COM_TIM11_IRQHandler
                0x080003f0                USART2_IRQHandler
                0x080003f0                I2C2_ER_IRQHandler
                0x080003f0                DMA2_Stream1_IRQHandler
                0x080003f0                FLASH_IRQHandler
                0x080003f0                DMA2_Stream4_IRQHandler
                0x080003f0                USART1_IRQHandler
                0x080003f0                OTG_FS_IRQHandler
                0x080003f0                SPI3_IRQHandler
                0x080003f0                DMA1_Stream4_IRQHandler
                0x080003f0                I2C1_ER_IRQHandler
                0x080003f0                DMA2_Stream6_IRQHandler
                0x080003f0                DMA1_Stream3_IRQHandler

.inits          0x080003f4       0x28
                0x080003f4                __data_regions_array_start = .
                0x080003f4        0x4 LONG 0x8002f28 LOADADDR (.data)
                0x080003f8        0x4 LONG 0x20000000 ADDR (.data)
                0x080003fc        0x4 LONG 0x20000080 (ADDR (.data) + SIZEOF (.data))
                0x08000400        0x4 LONG 0x8002f28 LOADADDR (.data_CCMRAM)
                0x08000404        0x4 LONG 0x10000000 ADDR (.data_CCMRAM)
                0x08000408        0x4 LONG 0x10000000 (ADDR (.data_CCMRAM) + SIZEOF (.data_CCMRAM))
                0x0800040c                __data_regions_array_end = .
                0x0800040c                __bss_regions_array_start = .
                0x0800040c        0x4 LONG 0x20000080 ADDR (.bss)
                0x08000410        0x4 LONG 0x20000174 (ADDR (.bss) + SIZEOF (.bss))
                0x08000414        0x4 LONG 0x10000000 ADDR (.bss_CCMRAM)
                0x08000418        0x4 LONG 0x10000000 (ADDR (.bss_CCMRAM) + SIZEOF (.bss_CCMRAM))
                0x0800041c                __bss_regions_array_end = .
 *(.init)
 *(.fini)
                0x0800041c                . = ALIGN (0x4)
                0x0800041c                PROVIDE (__preinit_array_start, .)
 *(.preinit_array_sysinit .preinit_array_sysinit.*)
 *(.preinit_array_platform .preinit_array_platform.*)
 *(.preinit_array .preinit_array.*)
                0x0800041c                PROVIDE (__preinit_array_end, .)
                0x0800041c                . = ALIGN (0x4)
                0x0800041c                PROVIDE (__init_array_start, .)
 *(SORT_BY_NAME(.init_array.*))
 *(.init_array)
                0x0800041c                PROVIDE (__init_array_end, .)
                0x0800041c                . = ALIGN (0x4)
                0x0800041c                PROVIDE (__fini_array_start, .)
 *(SORT_BY_NAME(.fini_array.*))
 *(.fini_array)
                0x0800041c                PROVIDE (__fini_array_end, .)

.flashtext
 *(.flashtext .flashtext.*)

.text           0x08000420     0x2b07
 *(.text .text.*)
 .text.HAL_InitTick
                0x08000420       0x2c ./system/src/stm32f4-hal/stm32f4xx_hal.o
                0x08000420                HAL_InitTick
 .text.HAL_Init
                0x0800044c       0x34 ./system/src/stm32f4-hal/stm32f4xx_hal.o
                0x0800044c                HAL_Init
 .text.HAL_GetTick
                0x08000480        0xc ./system/src/stm32f4-hal/stm32f4xx_hal.o
                0x08000480                HAL_GetTick
 .text.HAL_NVIC_SetPriorityGrouping
                0x0800048c       0x3c ./system/src/stm32f4-hal/stm32f4xx_hal_cortex.o
                0x0800048c                HAL_NVIC_SetPriorityGrouping
 .text.HAL_NVIC_SetPriority
                0x080004c8       0x8c ./system/src/stm32f4-hal/stm32f4xx_hal_cortex.o
                0x080004c8                HAL_NVIC_SetPriority
 .text.HAL_SYSTICK_Config
                0x08000554       0x2c ./system/src/stm32f4-hal/stm32f4xx_hal_cortex.o
                0x08000554                HAL_SYSTICK_Config
 .text.HAL_SYSTICK_CLKSourceConfig
                0x08000580       0x3c ./system/src/stm32f4-hal/stm32f4xx_hal_cortex.o
                0x08000580                HAL_SYSTICK_CLKSourceConfig
 .text.HAL_RCC_OscConfig
                0x080005bc      0x43c ./system/src/stm32f4-hal/stm32f4xx_hal_rcc.o
                0x080005bc                HAL_RCC_OscConfig
 .text.HAL_RCC_GetSysClockFreq
                0x080009f8       0x94 ./system/src/stm32f4-hal/stm32f4xx_hal_rcc.o
                0x080009f8                HAL_RCC_GetSysClockFreq
 .text.HAL_RCC_ClockConfig
                0x08000a8c      0x258 ./system/src/stm32f4-hal/stm32f4xx_hal_rcc.o
                0x08000a8c                HAL_RCC_ClockConfig
 .text.HAL_RCC_GetHCLKFreq
                0x08000ce4        0xc ./system/src/stm32f4-hal/stm32f4xx_hal_rcc.o
                0x08000ce4                HAL_RCC_GetHCLKFreq
 .text._exit    0x08000cf0        0x2 ./system/src/newlib/_exit.o
                0x08000cf0                _exit
 *fill*         0x08000cf2        0x2 
 .text.abort    0x08000cf4       0x14 ./system/src/newlib/_exit.o
                0x08000cf4                abort
 .text._sbrk    0x08000d08       0x44 ./system/src/newlib/_sbrk.o
                0x08000d08                _sbrk
 .text.__initialize_args
                0x08000d4c       0x10 ./system/src/newlib/_syscalls.o
                0x08000d4c                __initialize_args
 .text.assert_failed
                0x08000d5c       0x14 ./system/src/newlib/assert.o
                0x08000d5c                assert_failed
 .text.trace_printf
                0x08000d70       0x30 ./system/src/diag/Trace.o
                0x08000d70                trace_printf
 .text.trace_puts
                0x08000da0       0x20 ./system/src/diag/Trace.o
                0x08000da0                trace_puts
 .text._trace_write_semihosting_debug
                0x08000dc0       0x60 ./system/src/diag/trace_impl.o
 .text.trace_write
                0x08000e20        0x8 ./system/src/diag/trace_impl.o
                0x08000e20                trace_write
 .text.__initialize_hardware_early
                0x08000e28       0x18 ./system/src/cortexm/_initialize_hardware.o
                0x08000e28                __initialize_hardware_early
 .text.dumpExceptionStack
                0x08000e40       0xf4 ./system/src/cortexm/exception_handlers.o
                0x08000e40                dumpExceptionStack
 .text.isSemihosting
                0x08000f34       0x20 ./system/src/cortexm/exception_handlers.o
                0x08000f34                isSemihosting
 .text.SystemInit
                0x08000f54       0x40 ./system/src/cmsis/system_stm32f4xx.o
                0x08000f54                SystemInit
 .text.SystemCoreClockUpdate
                0x08000f94       0xa0 ./system/src/cmsis/system_stm32f4xx.o
                0x08000f94                SystemCoreClockUpdate
 .text.TEMP_u8GetData
                0x08001034       0x12 ./src/00_COTS/04_SERVICE/Temp/Temp.o
                0x08001034                TEMP_u8GetData
 .text.TEMP_voidSendData
                0x08001046       0x18 ./src/00_COTS/04_SERVICE/Temp/Temp.o
                0x08001046                TEMP_voidSendData
 *fill*         0x0800105e        0x2 
 .text.SPEED_u8GetData
                0x08001060       0x50 ./src/00_COTS/04_SERVICE/Speed/Speed.o
                0x08001060                SPEED_u8GetData
 .text.SPEED_voidSendData
                0x080010b0       0x18 ./src/00_COTS/04_SERVICE/Speed/Speed.o
                0x080010b0                SPEED_voidSendData
 .text.FUEL_u8GetData
                0x080010c8       0x10 ./src/00_COTS/04_SERVICE/Fuel/Fuel.o
                0x080010c8                FUEL_u8GetData
 .text.FUEL_voidSendData
                0x080010d8       0x18 ./src/00_COTS/04_SERVICE/Fuel/Fuel.o
                0x080010d8                FUEL_voidSendData
 .text.BMS_u8GetData
                0x080010f0       0x70 ./src/00_COTS/04_SERVICE/BMS/BMS.o
                0x080010f0                BMS_u8GetData
 .text.BMS_voidSendData
                0x08001160       0x18 ./src/00_COTS/04_SERVICE/BMS/BMS.o
                0x08001160                BMS_voidSendData
 .text.Update_Time
                0x08001178       0x28 ./src/00_COTS/02_HAL/Time/Time.o
 .text.Time_Init
                0x080011a0       0x1c ./src/00_COTS/02_HAL/Time/Time.o
                0x080011a0                Time_Init
 .text.Get_Time
                0x080011bc        0xc ./src/00_COTS/02_HAL/Time/Time.o
                0x080011bc                Get_Time
 .text.SYS_voidInit
                0x080011c8       0x24 ./src/00_COTS/02_HAL/System_Init/System_init.o
                0x080011c8                SYS_voidInit
 .text.UpdateEncoderCounts
                0x080011ec       0x10 ./src/00_COTS/02_HAL/ENCODER/Encoder.o
                0x080011ec                UpdateEncoderCounts
 .text.Encoder_Init
                0x080011fc       0x54 ./src/00_COTS/02_HAL/ENCODER/Encoder.o
                0x080011fc                Encoder_Init
 .text.DATA_voidInit
                0x08001250       0x34 ./src/00_COTS/02_HAL/DATA _FRAME/DATA_FRAME.o
                0x08001250                DATA_voidInit
 .text.CalculateCRCHelper
                0x08001284       0x20 ./src/00_COTS/02_HAL/DATA _FRAME/DATA_FRAME.o
                0x08001284                CalculateCRCHelper
 .text.DATA_voidSendData
                0x080012a4       0x3c ./src/00_COTS/02_HAL/DATA _FRAME/DATA_FRAME.o
                0x080012a4                DATA_voidSendData
 .text.ADC_CONV_VoidInit
                0x080012e0       0x48 ./src/00_COTS/02_HAL/ADC_conversion/ADC_conv.o
                0x080012e0                ADC_CONV_VoidInit
 .text.ADC_CONV_u32GetFirstChanelData
                0x08001328        0xc ./src/00_COTS/02_HAL/ADC_conversion/ADC_conv.o
                0x08001328                ADC_CONV_u32GetFirstChanelData
 .text.ADC_CONV_u32GetSecondChanelData
                0x08001334        0xc ./src/00_COTS/02_HAL/ADC_conversion/ADC_conv.o
                0x08001334                ADC_CONV_u32GetSecondChanelData
 .text.ADC_CONV_u32GetThirdChanelData
                0x08001340        0xc ./src/00_COTS/02_HAL/ADC_conversion/ADC_conv.o
                0x08001340                ADC_CONV_u32GetThirdChanelData
 .text.ADC_voidInit
                0x0800134c       0xa8 ./src/00_COTS/01_MCAL/07_ADC/ADC.o
                0x0800134c                ADC_voidInit
 .text.ADC_voidStartConversion
                0x080013f4       0x10 ./src/00_COTS/01_MCAL/07_ADC/ADC.o
                0x080013f4                ADC_voidStartConversion
 .text.ADC_u32GetDataAddress
                0x08001404        0x8 ./src/00_COTS/01_MCAL/07_ADC/ADC.o
                0x08001404                ADC_u32GetDataAddress
 .text.ADC_IRQHandler
                0x0800140c       0x10 ./src/00_COTS/01_MCAL/07_ADC/ADC.o
                0x0800140c                ADC_IRQHandler
 .text.USART_voidInit
                0x0800141c       0x44 ./src/00_COTS/01_MCAL/06_UART/USART.o
                0x0800141c                USART_voidInit
 .text.USART_voidSendDataByte
                0x08001460       0x50 ./src/00_COTS/01_MCAL/06_UART/USART.o
                0x08001460                USART_voidSendDataByte
 .text.USART_voidEnable
                0x080014b0       0x3c ./src/00_COTS/01_MCAL/06_UART/USART.o
                0x080014b0                USART_voidEnable
 .text.DMA_voidInit
                0x080014ec       0x60 ./src/00_COTS/01_MCAL/05_DMA/DMA.o
                0x080014ec                DMA_voidInit
 .text.DMA_voidSetAddress
                0x0800154c       0x2c ./src/00_COTS/01_MCAL/05_DMA/DMA.o
                0x0800154c                DMA_voidSetAddress
 .text.DMA_voidStreamEnable
                0x08001578       0x20 ./src/00_COTS/01_MCAL/05_DMA/DMA.o
                0x08001578                DMA_voidStreamEnable
 .text.EXIT_voidEnableEXIT
                0x08001598       0x14 ./src/00_COTS/01_MCAL/04_EXTI/EXTI_prog.o
                0x08001598                EXIT_voidEnableEXIT
 .text.EXTI_voidSetSignalLatch
                0x080015ac       0x5c ./src/00_COTS/01_MCAL/04_EXTI/EXTI_prog.o
                0x080015ac                EXTI_voidSetSignalLatch
 .text.EXTI0_voidSetCallBack
                0x08001608        0xc ./src/00_COTS/01_MCAL/04_EXTI/EXTI_prog.o
                0x08001608                EXTI0_voidSetCallBack
 .text.EXTI_voidSetEXTIConfiguration
                0x08001614       0x60 ./src/00_COTS/01_MCAL/04_EXTI/EXTI_prog.o
                0x08001614                EXTI_voidSetEXTIConfiguration
 .text.EXTI0_IRQHandler
                0x08001674       0x1c ./src/00_COTS/01_MCAL/04_EXTI/EXTI_prog.o
                0x08001674                EXTI0_IRQHandler
 .text.EXTI1_IRQHandler
                0x08001690       0x1c ./src/00_COTS/01_MCAL/04_EXTI/EXTI_prog.o
                0x08001690                EXTI1_IRQHandler
 .text.NVIC_voidEnableInterrupt
                0x080016ac       0x18 ./src/00_COTS/01_MCAL/03_NVIC/NVIC.o
                0x080016ac                NVIC_voidEnableInterrupt
 .text.NVIC_voidInitInterruptGroup
                0x080016c4       0x14 ./src/00_COTS/01_MCAL/03_NVIC/NVIC.o
                0x080016c4                NVIC_voidInitInterruptGroup
 .text.NVIC_voidSetInterruptPriority
                0x080016d8       0x40 ./src/00_COTS/01_MCAL/03_NVIC/NVIC.o
                0x080016d8                NVIC_voidSetInterruptPriority
 .text.STK_voidInit
                0x08001718        0xc ./src/00_COTS/01_MCAL/02_SYSTICK/SYSTICK.o
                0x08001718                STK_voidInit
 .text.STK_voidStart
                0x08001724       0x18 ./src/00_COTS/01_MCAL/02_SYSTICK/SYSTICK.o
                0x08001724                STK_voidStart
 .text.STK_voidSetCallBack
                0x0800173c        0xc ./src/00_COTS/01_MCAL/02_SYSTICK/SYSTICK.o
                0x0800173c                STK_voidSetCallBack
 .text.GPIO_voidSetPinMode
                0x08001748       0x84 ./src/00_COTS/01_MCAL/01_GPIO/GPIO.o
                0x08001748                GPIO_voidSetPinMode
 .text.GPIO_voidSetPullStatus
                0x080017cc       0x84 ./src/00_COTS/01_MCAL/01_GPIO/GPIO.o
                0x080017cc                GPIO_voidSetPullStatus
 .text.GPIO_voidSetAlternativeFunction
                0x08001850       0xdc ./src/00_COTS/01_MCAL/01_GPIO/GPIO.o
                0x08001850                GPIO_voidSetAlternativeFunction
 .text.RCC_voidInit
                0x0800192c       0x68 ./src/00_COTS/01_MCAL/00_RCC/RCC.o
                0x0800192c                RCC_voidInit
 .text.RCC_voidEnablePeriphralClock
                0x08001994       0x78 ./src/00_COTS/01_MCAL/00_RCC/RCC.o
                0x08001994                RCC_voidEnablePeriphralClock
 .text.main     0x08001a0c       0x48 ./src/00_COTS/main.o
                0x08001a0c                main
 .text.SystemClock_Config
                0x08001a54       0x98 ./src/_initialize_hardware.o
                0x08001a54                SystemClock_Config
 .text.__initialize_hardware
                0x08001aec       0x10 ./src/_initialize_hardware.o
                0x08001aec                __initialize_hardware
 .text.HAL_MspInit
                0x08001afc        0x2 ./src/stm32f4xx_hal_msp.o
                0x08001afc                HAL_MspInit
 *fill*         0x08001afe        0x2 
 .text          0x08001b00      0x378 c:/imt_sdk_win_64/winarm/armgcc/bin/../lib/gcc/arm-none-eabi/7.2.1/thumb/v7e-m\libgcc.a(_arm_addsubdf3.o)
                0x08001b00                __aeabi_drsub
                0x08001b08                __aeabi_dsub
                0x08001b08                __subdf3
                0x08001b0c                __aeabi_dadd
                0x08001b0c                __adddf3
                0x08001d84                __floatunsidf
                0x08001d84                __aeabi_ui2d
                0x08001da4                __floatsidf
                0x08001da4                __aeabi_i2d
                0x08001dc8                __aeabi_f2d
                0x08001dc8                __extendsfdf2
                0x08001e0c                __floatundidf
                0x08001e0c                __aeabi_ul2d
                0x08001e1c                __floatdidf
                0x08001e1c                __aeabi_l2d
 .text          0x08001e78      0x424 c:/imt_sdk_win_64/winarm/armgcc/bin/../lib/gcc/arm-none-eabi/7.2.1/thumb/v7e-m\libgcc.a(_arm_muldivdf3.o)
                0x08001e78                __aeabi_dmul
                0x08001e78                __muldf3
                0x080020cc                __divdf3
                0x080020cc                __aeabi_ddiv
 .text          0x0800229c      0x110 c:/imt_sdk_win_64/winarm/armgcc/bin/../lib/gcc/arm-none-eabi/7.2.1/thumb/v7e-m\libgcc.a(_arm_cmpdf2.o)
                0x0800229c                __gtdf2
                0x0800229c                __gedf2
                0x080022a4                __ltdf2
                0x080022a4                __ledf2
                0x080022ac                __nedf2
                0x080022ac                __eqdf2
                0x080022ac                __cmpdf2
                0x08002328                __aeabi_cdrcmple
                0x08002338                __aeabi_cdcmpeq
                0x08002338                __aeabi_cdcmple
                0x08002348                __aeabi_dcmpeq
                0x0800235c                __aeabi_dcmplt
                0x08002370                __aeabi_dcmple
                0x08002384                __aeabi_dcmpge
                0x08002398                __aeabi_dcmpgt
 .text          0x080023ac       0x40 c:/imt_sdk_win_64/winarm/armgcc/bin/../lib/gcc/arm-none-eabi/7.2.1/thumb/v7e-m\libgcc.a(_arm_fixunsdfsi.o)
                0x080023ac                __aeabi_d2uiz
                0x080023ac                __fixunsdfsi
 .text.__errno  0x080023ec        0xc c:/imt_sdk_win_64/winarm/armgcc/bin/../lib/gcc/arm-none-eabi/7.2.1/../../../../arm-none-eabi/lib/thumb/v7e-m\libg_nano.a(lib_a-errno.o)
                0x080023ec                __errno
 .text          0x080023f8       0x10 c:/imt_sdk_win_64/winarm/armgcc/bin/../lib/gcc/arm-none-eabi/7.2.1/../../../../arm-none-eabi/lib/thumb/v7e-m\libg_nano.a(lib_a-strlen.o)
                0x080023f8                strlen
 .text._vsnprintf_r
                0x08002408       0x58 c:/imt_sdk_win_64/winarm/armgcc/bin/../lib/gcc/arm-none-eabi/7.2.1/../../../../arm-none-eabi/lib/thumb/v7e-m\libg_nano.a(lib_a-vsnprintf.o)
                0x08002408                _vsniprintf_r
                0x08002408                _vsnprintf_r
 .text.vsnprintf
                0x08002460       0x1c c:/imt_sdk_win_64/winarm/armgcc/bin/../lib/gcc/arm-none-eabi/7.2.1/../../../../arm-none-eabi/lib/thumb/v7e-m\libg_nano.a(lib_a-vsnprintf.o)
                0x08002460                vsniprintf
                0x08002460                vsnprintf
 .text.__ssputs_r
                0x0800247c       0xb4 c:/imt_sdk_win_64/winarm/armgcc/bin/../lib/gcc/arm-none-eabi/7.2.1/../../../../arm-none-eabi/lib/thumb/v7e-m\libg_nano.a(lib_a-nano-svfprintf.o)
                0x0800247c                __ssputs_r
 .text._svfprintf_r
                0x08002530      0x1ec c:/imt_sdk_win_64/winarm/armgcc/bin/../lib/gcc/arm-none-eabi/7.2.1/../../../../arm-none-eabi/lib/thumb/v7e-m\libg_nano.a(lib_a-nano-svfprintf.o)
                0x08002530                _svfiprintf_r
                0x08002530                _svfprintf_r
 .text._printf_common
                0x0800271c       0xea c:/imt_sdk_win_64/winarm/armgcc/bin/../lib/gcc/arm-none-eabi/7.2.1/../../../../arm-none-eabi/lib/thumb/v7e-m\libg_nano.a(lib_a-nano-vfprintf_i.o)
                0x0800271c                _printf_common
 *fill*         0x08002806        0x2 
 .text._printf_i
                0x08002808      0x224 c:/imt_sdk_win_64/winarm/armgcc/bin/../lib/gcc/arm-none-eabi/7.2.1/../../../../arm-none-eabi/lib/thumb/v7e-m\libg_nano.a(lib_a-nano-vfprintf_i.o)
                0x08002808                _printf_i
 *fill*         0x08002a2c        0x4 
 .text          0x08002a30       0xa0 c:/imt_sdk_win_64/winarm/armgcc/bin/../lib/gcc/arm-none-eabi/7.2.1/../../../../arm-none-eabi/lib/thumb/v7e-m\libg_nano.a(lib_a-memchr.o)
                0x08002a30                memchr
 .text.memcpy   0x08002ad0       0x16 c:/imt_sdk_win_64/winarm/armgcc/bin/../lib/gcc/arm-none-eabi/7.2.1/../../../../arm-none-eabi/lib/thumb/v7e-m\libg_nano.a(lib_a-memcpy-stub.o)
                0x08002ad0                memcpy
 .text.memmove  0x08002ae6       0x32 c:/imt_sdk_win_64/winarm/armgcc/bin/../lib/gcc/arm-none-eabi/7.2.1/../../../../arm-none-eabi/lib/thumb/v7e-m\libg_nano.a(lib_a-memmove.o)
                0x08002ae6                memmove
 .text._free_r  0x08002b18       0x9c c:/imt_sdk_win_64/winarm/armgcc/bin/../lib/gcc/arm-none-eabi/7.2.1/../../../../arm-none-eabi/lib/thumb/v7e-m\libg_nano.a(lib_a-nano-freer.o)
                0x08002b18                _free_r
 .text._malloc_r
                0x08002bb4       0xb4 c:/imt_sdk_win_64/winarm/armgcc/bin/../lib/gcc/arm-none-eabi/7.2.1/../../../../arm-none-eabi/lib/thumb/v7e-m\libg_nano.a(lib_a-nano-mallocr.o)
                0x08002bb4                _malloc_r
 .text._realloc_r
                0x08002c68       0x4c c:/imt_sdk_win_64/winarm/armgcc/bin/../lib/gcc/arm-none-eabi/7.2.1/../../../../arm-none-eabi/lib/thumb/v7e-m\libg_nano.a(lib_a-nano-reallocr.o)
                0x08002c68                _realloc_r
 .text._sbrk_r  0x08002cb4       0x20 c:/imt_sdk_win_64/winarm/armgcc/bin/../lib/gcc/arm-none-eabi/7.2.1/../../../../arm-none-eabi/lib/thumb/v7e-m\libg_nano.a(lib_a-sbrkr.o)
                0x08002cb4                _sbrk_r
 .text.__malloc_lock
                0x08002cd4        0x2 c:/imt_sdk_win_64/winarm/armgcc/bin/../lib/gcc/arm-none-eabi/7.2.1/../../../../arm-none-eabi/lib/thumb/v7e-m\libg_nano.a(lib_a-mlock.o)
                0x08002cd4                __malloc_lock
 .text.__malloc_unlock
                0x08002cd6        0x2 c:/imt_sdk_win_64/winarm/armgcc/bin/../lib/gcc/arm-none-eabi/7.2.1/../../../../arm-none-eabi/lib/thumb/v7e-m\libg_nano.a(lib_a-mlock.o)
                0x08002cd6                __malloc_unlock
 .text._malloc_usable_size_r
                0x08002cd8       0x10 c:/imt_sdk_win_64/winarm/armgcc/bin/../lib/gcc/arm-none-eabi/7.2.1/../../../../arm-none-eabi/lib/thumb/v7e-m\libg_nano.a(lib_a-nano-msizer.o)
                0x08002cd8                _malloc_usable_size_r
 *(.rodata .rodata.* .constdata .constdata.*)
 .rodata.HAL_NVIC_SetPriorityGrouping.str1.4
                0x08002ce8       0x31 ./system/src/stm32f4-hal/stm32f4xx_hal_cortex.o
 *fill*         0x08002d19        0x3 
 .rodata.APBAHBPrescTable
                0x08002d1c       0x10 ./system/src/stm32f4-hal/stm32f4xx_hal_rcc.o
                0x08002d1c                APBAHBPrescTable
 .rodata.HAL_RCC_OscConfig.str1.4
                0x08002d2c       0x2e ./system/src/stm32f4-hal/stm32f4xx_hal_rcc.o
 *fill*         0x08002d5a        0x2 
 .rodata.abort.str1.4
                0x08002d5c       0x14 ./system/src/newlib/_exit.o
 .rodata.assert_failed.str1.4
                0x08002d70       0x2b ./system/src/newlib/assert.o
 .rodata.trace_puts.str1.4
                0x08002d9b       0x2b ./system/src/diag/Trace.o
                                  0x2 (size before relaxing)
 *fill*         0x08002d9b        0x1 
 .rodata.dumpExceptionStack.str1.4
                0x08002d9c      0x11a ./system/src/cortexm/exception_handlers.o
 *fill*         0x08002eb6        0x2 
 .rodata.str1.4
                0x08002eb8       0x2c ./system/src/cortexm/exception_handlers.o
                                 0x2a (size before relaxing)
 .rodata.AHBPrescTable
                0x08002ee4       0x10 ./system/src/cmsis/system_stm32f4xx.o
                0x08002ee4                AHBPrescTable
 .rodata._svfprintf_r.str1.1
                0x08002ef4       0x11 c:/imt_sdk_win_64/winarm/armgcc/bin/../lib/gcc/arm-none-eabi/7.2.1/../../../../arm-none-eabi/lib/thumb/v7e-m\libg_nano.a(lib_a-nano-svfprintf.o)
 .rodata._printf_i.str1.1
                0x08002f05       0x22 c:/imt_sdk_win_64/winarm/armgcc/bin/../lib/gcc/arm-none-eabi/7.2.1/../../../../arm-none-eabi/lib/thumb/v7e-m\libg_nano.a(lib_a-nano-vfprintf_i.o)
 *(vtable)
 *(.eh_frame*)
 *(.glue_7)
 .glue_7        0x08002f27        0x0 linker stubs
 *(.glue_7t)
 .glue_7t       0x08002f27        0x0 linker stubs

.vfp11_veneer   0x08002f28        0x0
 .vfp11_veneer  0x08002f28        0x0 linker stubs

.v4_bx          0x08002f28        0x0
 .v4_bx         0x08002f28        0x0 linker stubs

.iplt           0x08002f28        0x0
 .iplt          0x08002f28        0x0 ./system/src/stm32f4-hal/stm32f4xx_hal.o

.rel.dyn        0x08002f28        0x0
 .rel.iplt      0x08002f28        0x0 ./system/src/stm32f4-hal/stm32f4xx_hal.o

.ARM.extab
 *(.ARM.extab* .gnu.linkonce.armextab.*)
                0x08002f28                . = ALIGN (0x4)
                0x08002f28                __exidx_start = .

.ARM.exidx
 *(.ARM.exidx* .gnu.linkonce.armexidx.*)
                0x08002f28                __exidx_end = .
                0x08002f28                . = ALIGN (0x4)
                0x08002f28                _etext = .
                0x08002f28                __etext = .

.data_CCMRAM    0x10000000        0x0 load address 0x08002f28
 FILL mask 0xff
 *(.data.CCMRAM .data.CCMRAM.*)
                0x10000000                . = ALIGN (0x4)
                0x08002f28                _sidata = LOADADDR (.data)

.data           0x20000000       0x80 load address 0x08002f28
 FILL mask 0xff
                0x20000000                _sdata = .
                0x20000000                __data_start__ = .
 *(.data_begin .data_begin.*)
 .data_begin    0x20000000        0x4 ./system/src/newlib/_startup.o
 *(.data .data.*)
 .data.argv.4310
                0x20000004        0x8 ./system/src/newlib/_syscalls.o
 .data.SystemCoreClock
                0x2000000c        0x4 ./system/src/cmsis/system_stm32f4xx.o
                0x2000000c                SystemCoreClock
 .data.Encoder_Counts
                0x20000010        0x4 ./src/00_COTS/02_HAL/ENCODER/Encoder.o
                0x20000010                Encoder_Counts
 .data.Group_SubGroup
                0x20000014        0x1 ./src/00_COTS/02_HAL/ENCODER/Encoder.o
                0x20000014                Group_SubGroup
 *fill*         0x20000015        0x3 ff
 .data._impure_ptr
                0x20000018        0x4 c:/imt_sdk_win_64/winarm/armgcc/bin/../lib/gcc/arm-none-eabi/7.2.1/../../../../arm-none-eabi/lib/thumb/v7e-m\libg_nano.a(lib_a-impure.o)
                0x20000018                _impure_ptr
 .data.impure_data
                0x2000001c       0x60 c:/imt_sdk_win_64/winarm/armgcc/bin/../lib/gcc/arm-none-eabi/7.2.1/../../../../arm-none-eabi/lib/thumb/v7e-m\libg_nano.a(lib_a-impure.o)
 *(.data_end .data_end.*)
 .data_end      0x2000007c        0x4 ./system/src/newlib/_startup.o
                0x20000080                . = ALIGN (0x4)
                0x20000080                _edata = .
                0x20000080                __data_end__ = .

.igot.plt       0x20000080        0x0 load address 0x08002fa8
 .igot.plt      0x20000080        0x0 ./system/src/stm32f4-hal/stm32f4xx_hal.o

.bss_CCMRAM     0x10000000        0x0
 *(.bss.CCMRAM .bss.CCMRAM.*)

.bss            0x20000080       0xf4
                0x20000080                __bss_start__ = .
                0x20000080                _sbss = .
 *(.bss_begin .bss_begin.*)
 .bss_begin     0x20000080        0x4 ./system/src/newlib/_startup.o
 *(.bss .bss.*)
 .bss.current_heap_end.3961
                0x20000084        0x4 ./system/src/newlib/_sbrk.o
 .bss.name.4309
                0x20000088        0x1 ./system/src/newlib/_syscalls.o
 *fill*         0x20000089        0x3 
 .bss.buf.5205  0x2000008c       0x80 ./system/src/diag/Trace.o
 *fill*         0x2000010c        0x4 
 .bss.Previous_Time.3674
                0x20000110        0x8 ./src/00_COTS/04_SERVICE/Speed/Speed.o
 .bss.Speed.3672
                0x20000118        0x1 ./src/00_COTS/04_SERVICE/Speed/Speed.o
 *fill*         0x20000119        0x7 
 .bss.Current_Time.3680
                0x20000120        0x8 ./src/00_COTS/04_SERVICE/BMS/BMS.o
 .bss.Previous_Time.3681
                0x20000128        0x8 ./src/00_COTS/04_SERVICE/BMS/BMS.o
 .bss.Samples.3678
                0x20000130        0x1 ./src/00_COTS/04_SERVICE/BMS/BMS.o
 *fill*         0x20000131        0x7 
 .bss.Ticks_Count
                0x20000138        0x8 ./src/00_COTS/02_HAL/Time/Time.o
                0x20000138                Ticks_Count
 .bss.ADC_data  0x20000140        0xc ./src/00_COTS/02_HAL/ADC_conversion/ADC_conv.o
                0x20000140                ADC_data
 .bss.ADC_CallBack
                0x2000014c        0x4 ./src/00_COTS/01_MCAL/07_ADC/ADC.o
 .bss.EXTI0_CallBack
                0x20000150        0x4 ./src/00_COTS/01_MCAL/04_EXTI/EXTI_prog.o
 .bss.EXTI1_CallBack
                0x20000154        0x4 ./src/00_COTS/01_MCAL/04_EXTI/EXTI_prog.o
 .bss.STK_CallBack
                0x20000158        0x4 ./src/00_COTS/01_MCAL/02_SYSTICK/SYSTICK.o
                0x20000158                STK_CallBack
 .bss.Bms       0x2000015c        0x1 ./src/00_COTS/main.o
                0x2000015c                Bms
 .bss.Fuel      0x2000015d        0x1 ./src/00_COTS/main.o
                0x2000015d                Fuel
 .bss.Speed     0x2000015e        0x1 ./src/00_COTS/main.o
                0x2000015e                Speed
 .bss.Temp      0x2000015f        0x1 ./src/00_COTS/main.o
                0x2000015f                Temp
 .bss.__malloc_free_list
                0x20000160        0x4 c:/imt_sdk_win_64/winarm/armgcc/bin/../lib/gcc/arm-none-eabi/7.2.1/../../../../arm-none-eabi/lib/thumb/v7e-m\libg_nano.a(lib_a-nano-mallocr.o)
                0x20000160                __malloc_free_list
 .bss.__malloc_sbrk_start
                0x20000164        0x4 c:/imt_sdk_win_64/winarm/armgcc/bin/../lib/gcc/arm-none-eabi/7.2.1/../../../../arm-none-eabi/lib/thumb/v7e-m\libg_nano.a(lib_a-nano-mallocr.o)
                0x20000164                __malloc_sbrk_start
 *(COMMON)
 COMMON         0x20000168        0x4 ./system/src/stm32f4-hal/stm32f4xx_hal.o
                0x20000168                uwTick
 COMMON         0x2000016c        0x4 ./system/src/newlib/_syscalls.o
                0x2000016c                errno
 *(.bss_end .bss_end.*)
 .bss_end       0x20000170        0x4 ./system/src/newlib/_startup.o
                0x20000174                . = ALIGN (0x4)
                0x20000174                __bss_end__ = .
                0x20000174                _ebss = .

.noinit_CCMRAM
 *(.noinit.CCMRAM .noinit.CCMRAM.*)

.noinit         0x20000174        0x0
                0x20000174                _noinit = .
 *(.noinit .noinit.*)
                0x20000174                . = ALIGN (0x4)
                0x20000174                _end_noinit = .
                [!provide]                PROVIDE (end, _end_noinit)
                [!provide]                PROVIDE (_end, _end_noinit)
                [!provide]                PROVIDE (__end, _end_noinit)
                [!provide]                PROVIDE (__end__, _end_noinit)

._check_stack   0x20000174      0x100
                0x20000274                . = (. + _Minimum_Stack_Size)
 *fill*         0x20000174      0x100 

.b1text
 *(.b1text)
 *(.b1rodata)
 *(.b1rodata.*)

.eb0text
 *(.eb0text)
 *(.eb0rodata)
 *(.eb0rodata.*)

.eb1text
 *(.eb1text)
 *(.eb1rodata)
 *(.eb1rodata.*)

.eb2text
 *(.eb2text)
 *(.eb2rodata)
 *(.eb2rodata.*)

.eb3text
 *(.eb3text)
 *(.eb3rodata)
 *(.eb3rodata.*)

.stab
 *(.stab)

.stabstr
 *(.stabstr)

.stab.excl
 *(.stab.excl)

.stab.exclstr
 *(.stab.exclstr)

.stab.index
 *(.stab.index)

.stab.indexstr
 *(.stab.indexstr)

.comment        0x00000000       0x7e
 *(.comment)
 .comment       0x00000000       0x7e ./system/src/stm32f4-hal/stm32f4xx_hal.o
                                 0x7f (size before relaxing)
 .comment       0x0000007e       0x7f ./system/src/stm32f4-hal/stm32f4xx_hal_cortex.o
 .comment       0x0000007e       0x7f ./system/src/stm32f4-hal/stm32f4xx_hal_rcc.o
 .comment       0x0000007e       0x7f ./system/src/newlib/_exit.o
 .comment       0x0000007e       0x7f ./system/src/newlib/_sbrk.o
 .comment       0x0000007e       0x7f ./system/src/newlib/_startup.o
 .comment       0x0000007e       0x7f ./system/src/newlib/_syscalls.o
 .comment       0x0000007e       0x7f ./system/src/newlib/assert.o
 .comment       0x0000007e       0x7f ./system/src/diag/Trace.o
 .comment       0x0000007e       0x7f ./system/src/diag/trace_impl.o
 .comment       0x0000007e       0x7f ./system/src/cortexm/_initialize_hardware.o
 .comment       0x0000007e       0x7f ./system/src/cortexm/exception_handlers.o
 .comment       0x0000007e       0x7f ./system/src/cmsis/system_stm32f4xx.o
 .comment       0x0000007e       0x7f ./system/src/cmsis/vectors_stm32f401xc.o
 .comment       0x0000007e       0x7f ./src/00_COTS/04_SERVICE/Temp/Temp.o
 .comment       0x0000007e       0x7f ./src/00_COTS/04_SERVICE/Speed/Speed.o
 .comment       0x0000007e       0x7f ./src/00_COTS/04_SERVICE/Fuel/Fuel.o
 .comment       0x0000007e       0x7f ./src/00_COTS/04_SERVICE/BMS/BMS.o
 .comment       0x0000007e       0x7f ./src/00_COTS/02_HAL/Time/Time.o
 .comment       0x0000007e       0x7f ./src/00_COTS/02_HAL/System_Init/System_init.o
 .comment       0x0000007e       0x7f ./src/00_COTS/02_HAL/ENCODER/Encoder.o
 .comment       0x0000007e       0x7f ./src/00_COTS/02_HAL/DATA _FRAME/DATA_FRAME.o
 .comment       0x0000007e       0x7f ./src/00_COTS/02_HAL/ADC_conversion/ADC_conv.o
 .comment       0x0000007e       0x7f ./src/00_COTS/01_MCAL/07_ADC/ADC.o
 .comment       0x0000007e       0x7f ./src/00_COTS/01_MCAL/06_UART/USART.o
 .comment       0x0000007e       0x7f ./src/00_COTS/01_MCAL/05_DMA/DMA.o
 .comment       0x0000007e       0x7f ./src/00_COTS/01_MCAL/04_EXTI/EXTI_prog.o
 .comment       0x0000007e       0x7f ./src/00_COTS/01_MCAL/03_NVIC/NVIC.o
 .comment       0x0000007e       0x7f ./src/00_COTS/01_MCAL/02_SYSTICK/SYSTICK.o
 .comment       0x0000007e       0x7f ./src/00_COTS/01_MCAL/01_GPIO/GPIO.o
 .comment       0x0000007e       0x7f ./src/00_COTS/01_MCAL/00_RCC/RCC.o
 .comment       0x0000007e       0x7f ./src/00_COTS/main.o
 .comment       0x0000007e       0x7f ./src/_initialize_hardware.o
 .comment       0x0000007e       0x7f ./src/stm32f4xx_hal_msp.o

.ARM.attributes
                0x00000000       0x31
 .ARM.attributes
                0x00000000       0x33 ./system/src/stm32f4-hal/stm32f4xx_hal.o
 .ARM.attributes
                0x00000033       0x33 ./system/src/stm32f4-hal/stm32f4xx_hal_cortex.o
 .ARM.attributes
                0x00000066       0x33 ./system/src/stm32f4-hal/stm32f4xx_hal_rcc.o
 .ARM.attributes
                0x00000099       0x33 ./system/src/newlib/_exit.o
 .ARM.attributes
                0x000000cc       0x33 ./system/src/newlib/_sbrk.o
 .ARM.attributes
                0x000000ff       0x33 ./system/src/newlib/_startup.o
 .ARM.attributes
                0x00000132       0x33 ./system/src/newlib/_syscalls.o
 .ARM.attributes
                0x00000165       0x33 ./system/src/newlib/assert.o
 .ARM.attributes
                0x00000198       0x33 ./system/src/diag/Trace.o
 .ARM.attributes
                0x000001cb       0x33 ./system/src/diag/trace_impl.o
 .ARM.attributes
                0x000001fe       0x33 ./system/src/cortexm/_initialize_hardware.o
 .ARM.attributes
                0x00000231       0x33 ./system/src/cortexm/exception_handlers.o
 .ARM.attributes
                0x00000264       0x33 ./system/src/cmsis/system_stm32f4xx.o
 .ARM.attributes
                0x00000297       0x33 ./system/src/cmsis/vectors_stm32f401xc.o
 .ARM.attributes
                0x000002ca       0x33 ./src/00_COTS/04_SERVICE/Temp/Temp.o
 .ARM.attributes
                0x000002fd       0x33 ./src/00_COTS/04_SERVICE/Speed/Speed.o
 .ARM.attributes
                0x00000330       0x33 ./src/00_COTS/04_SERVICE/Fuel/Fuel.o
 .ARM.attributes
                0x00000363       0x33 ./src/00_COTS/04_SERVICE/BMS/BMS.o
 .ARM.attributes
                0x00000396       0x33 ./src/00_COTS/02_HAL/Time/Time.o
 .ARM.attributes
                0x000003c9       0x33 ./src/00_COTS/02_HAL/System_Init/System_init.o
 .ARM.attributes
                0x000003fc       0x33 ./src/00_COTS/02_HAL/ENCODER/Encoder.o
 .ARM.attributes
                0x0000042f       0x33 ./src/00_COTS/02_HAL/DATA _FRAME/DATA_FRAME.o
 .ARM.attributes
                0x00000462       0x33 ./src/00_COTS/02_HAL/ADC_conversion/ADC_conv.o
 .ARM.attributes
                0x00000495       0x33 ./src/00_COTS/01_MCAL/07_ADC/ADC.o
 .ARM.attributes
                0x000004c8       0x33 ./src/00_COTS/01_MCAL/06_UART/USART.o
 .ARM.attributes
                0x000004fb       0x33 ./src/00_COTS/01_MCAL/05_DMA/DMA.o
 .ARM.attributes
                0x0000052e       0x33 ./src/00_COTS/01_MCAL/04_EXTI/EXTI_prog.o
 .ARM.attributes
                0x00000561       0x33 ./src/00_COTS/01_MCAL/03_NVIC/NVIC.o
 .ARM.attributes
                0x00000594       0x33 ./src/00_COTS/01_MCAL/02_SYSTICK/SYSTICK.o
 .ARM.attributes
                0x000005c7       0x33 ./src/00_COTS/01_MCAL/01_GPIO/GPIO.o
 .ARM.attributes
                0x000005fa       0x33 ./src/00_COTS/01_MCAL/00_RCC/RCC.o
 .ARM.attributes
                0x0000062d       0x33 ./src/00_COTS/main.o
 .ARM.attributes
                0x00000660       0x33 ./src/_initialize_hardware.o
 .ARM.attributes
                0x00000693       0x33 ./src/stm32f4xx_hal_msp.o
 .ARM.attributes
                0x000006c6       0x1e c:/imt_sdk_win_64/winarm/armgcc/bin/../lib/gcc/arm-none-eabi/7.2.1/thumb/v7e-m\libgcc.a(_arm_addsubdf3.o)
 .ARM.attributes
                0x000006e4       0x1e c:/imt_sdk_win_64/winarm/armgcc/bin/../lib/gcc/arm-none-eabi/7.2.1/thumb/v7e-m\libgcc.a(_arm_muldivdf3.o)
 .ARM.attributes
                0x00000702       0x1e c:/imt_sdk_win_64/winarm/armgcc/bin/../lib/gcc/arm-none-eabi/7.2.1/thumb/v7e-m\libgcc.a(_arm_cmpdf2.o)
 .ARM.attributes
                0x00000720       0x1e c:/imt_sdk_win_64/winarm/armgcc/bin/../lib/gcc/arm-none-eabi/7.2.1/thumb/v7e-m\libgcc.a(_arm_fixunsdfsi.o)
 .ARM.attributes
                0x0000073e       0x2e c:/imt_sdk_win_64/winarm/armgcc/bin/../lib/gcc/arm-none-eabi/7.2.1/../../../../arm-none-eabi/lib/thumb/v7e-m\libg_nano.a(lib_a-errno.o)
 .ARM.attributes
                0x0000076c       0x2e c:/imt_sdk_win_64/winarm/armgcc/bin/../lib/gcc/arm-none-eabi/7.2.1/../../../../arm-none-eabi/lib/thumb/v7e-m\libg_nano.a(lib_a-impure.o)
 .ARM.attributes
                0x0000079a       0x17 c:/imt_sdk_win_64/winarm/armgcc/bin/../lib/gcc/arm-none-eabi/7.2.1/../../../../arm-none-eabi/lib/thumb/v7e-m\libg_nano.a(lib_a-strlen.o)
 .ARM.attributes
                0x000007b1       0x2e c:/imt_sdk_win_64/winarm/armgcc/bin/../lib/gcc/arm-none-eabi/7.2.1/../../../../arm-none-eabi/lib/thumb/v7e-m\libg_nano.a(lib_a-vsnprintf.o)
 .ARM.attributes
                0x000007df       0x2e c:/imt_sdk_win_64/winarm/armgcc/bin/../lib/gcc/arm-none-eabi/7.2.1/../../../../arm-none-eabi/lib/thumb/v7e-m\libg_nano.a(lib_a-nano-svfprintf.o)
 .ARM.attributes
                0x0000080d       0x2e c:/imt_sdk_win_64/winarm/armgcc/bin/../lib/gcc/arm-none-eabi/7.2.1/../../../../arm-none-eabi/lib/thumb/v7e-m\libg_nano.a(lib_a-nano-vfprintf_i.o)
 .ARM.attributes
                0x0000083b       0x1c c:/imt_sdk_win_64/winarm/armgcc/bin/../lib/gcc/arm-none-eabi/7.2.1/../../../../arm-none-eabi/lib/thumb/v7e-m\libg_nano.a(lib_a-memchr.o)
 .ARM.attributes
                0x00000857       0x2e c:/imt_sdk_win_64/winarm/armgcc/bin/../lib/gcc/arm-none-eabi/7.2.1/../../../../arm-none-eabi/lib/thumb/v7e-m\libg_nano.a(lib_a-memcpy-stub.o)
 .ARM.attributes
                0x00000885       0x2e c:/imt_sdk_win_64/winarm/armgcc/bin/../lib/gcc/arm-none-eabi/7.2.1/../../../../arm-none-eabi/lib/thumb/v7e-m\libg_nano.a(lib_a-memmove.o)
 .ARM.attributes
                0x000008b3       0x2e c:/imt_sdk_win_64/winarm/armgcc/bin/../lib/gcc/arm-none-eabi/7.2.1/../../../../arm-none-eabi/lib/thumb/v7e-m\libg_nano.a(lib_a-nano-freer.o)
 .ARM.attributes
                0x000008e1       0x2e c:/imt_sdk_win_64/winarm/armgcc/bin/../lib/gcc/arm-none-eabi/7.2.1/../../../../arm-none-eabi/lib/thumb/v7e-m\libg_nano.a(lib_a-nano-mallocr.o)
 .ARM.attributes
                0x0000090f       0x2e c:/imt_sdk_win_64/winarm/armgcc/bin/../lib/gcc/arm-none-eabi/7.2.1/../../../../arm-none-eabi/lib/thumb/v7e-m\libg_nano.a(lib_a-nano-reallocr.o)
 .ARM.attributes
                0x0000093d       0x2e c:/imt_sdk_win_64/winarm/armgcc/bin/../lib/gcc/arm-none-eabi/7.2.1/../../../../arm-none-eabi/lib/thumb/v7e-m\libg_nano.a(lib_a-sbrkr.o)
 .ARM.attributes
                0x0000096b       0x2e c:/imt_sdk_win_64/winarm/armgcc/bin/../lib/gcc/arm-none-eabi/7.2.1/../../../../arm-none-eabi/lib/thumb/v7e-m\libg_nano.a(lib_a-mlock.o)
 .ARM.attributes
                0x00000999       0x2e c:/imt_sdk_win_64/winarm/armgcc/bin/../lib/gcc/arm-none-eabi/7.2.1/../../../../arm-none-eabi/lib/thumb/v7e-m\libg_nano.a(lib_a-nano-msizer.o)

.debug
 *(.debug)

.line
 *(.line)

.debug_srcinfo
 *(.debug_srcinfo)

.debug_sfnames
 *(.debug_sfnames)

.debug_aranges  0x00000000      0x8c8
 *(.debug_aranges)
 .debug_aranges
                0x00000000       0xc0 ./system/src/stm32f4-hal/stm32f4xx_hal.o
 .debug_aranges
                0x000000c0       0x98 ./system/src/stm32f4-hal/stm32f4xx_hal_cortex.o
 .debug_aranges
                0x00000158       0x88 ./system/src/stm32f4-hal/stm32f4xx_hal_rcc.o
 .debug_aranges
                0x000001e0       0x28 ./system/src/newlib/_exit.o
 .debug_aranges
                0x00000208       0x20 ./system/src/newlib/_sbrk.o
 .debug_aranges
                0x00000228       0x40 ./system/src/newlib/_startup.o
 .debug_aranges
                0x00000268       0x30 ./system/src/newlib/_syscalls.o
 .debug_aranges
                0x00000298       0x28 ./system/src/newlib/assert.o
 .debug_aranges
                0x000002c0       0x38 ./system/src/diag/Trace.o
 .debug_aranges
                0x000002f8       0x30 ./system/src/diag/trace_impl.o
 .debug_aranges
                0x00000328       0x28 ./system/src/cortexm/_initialize_hardware.o
 .debug_aranges
                0x00000350       0x90 ./system/src/cortexm/exception_handlers.o
 .debug_aranges
                0x000003e0       0x28 ./system/src/cmsis/system_stm32f4xx.o
 .debug_aranges
                0x00000408       0x20 ./system/src/cmsis/vectors_stm32f401xc.o
 .debug_aranges
                0x00000428       0x28 ./src/00_COTS/04_SERVICE/Temp/Temp.o
 .debug_aranges
                0x00000450       0x30 ./src/00_COTS/04_SERVICE/Speed/Speed.o
 .debug_aranges
                0x00000480       0x28 ./src/00_COTS/04_SERVICE/Fuel/Fuel.o
 .debug_aranges
                0x000004a8       0x28 ./src/00_COTS/04_SERVICE/BMS/BMS.o
 .debug_aranges
                0x000004d0       0x30 ./src/00_COTS/02_HAL/Time/Time.o
 .debug_aranges
                0x00000500       0x20 ./src/00_COTS/02_HAL/System_Init/System_init.o
 .debug_aranges
                0x00000520       0x28 ./src/00_COTS/02_HAL/ENCODER/Encoder.o
 .debug_aranges
                0x00000548       0x30 ./src/00_COTS/02_HAL/DATA _FRAME/DATA_FRAME.o
 .debug_aranges
                0x00000578       0x38 ./src/00_COTS/02_HAL/ADC_conversion/ADC_conv.o
 .debug_aranges
                0x000005b0       0x50 ./src/00_COTS/01_MCAL/07_ADC/ADC.o
 .debug_aranges
                0x00000600       0x50 ./src/00_COTS/01_MCAL/06_UART/USART.o
 .debug_aranges
                0x00000650       0x30 ./src/00_COTS/01_MCAL/05_DMA/DMA.o
 .debug_aranges
                0x00000680       0x68 ./src/00_COTS/01_MCAL/04_EXTI/EXTI_prog.o
 .debug_aranges
                0x000006e8       0x58 ./src/00_COTS/01_MCAL/03_NVIC/NVIC.o
 .debug_aranges
                0x00000740       0x48 ./src/00_COTS/01_MCAL/02_SYSTICK/SYSTICK.o
 .debug_aranges
                0x00000788       0x50 ./src/00_COTS/01_MCAL/01_GPIO/GPIO.o
 .debug_aranges
                0x000007d8       0x70 ./src/00_COTS/01_MCAL/00_RCC/RCC.o
 .debug_aranges
                0x00000848       0x20 ./src/00_COTS/main.o
 .debug_aranges
                0x00000868       0x28 ./src/_initialize_hardware.o
 .debug_aranges
                0x00000890       0x38 ./src/stm32f4xx_hal_msp.o

.debug_pubnames
 *(.debug_pubnames)

.debug_info     0x00000000     0xe3c0
 *(.debug_info .gnu.linkonce.wi.*)
 .debug_info    0x00000000     0x107e ./system/src/stm32f4-hal/stm32f4xx_hal.o
 .debug_info    0x0000107e     0x1863 ./system/src/stm32f4-hal/stm32f4xx_hal_cortex.o
 .debug_info    0x000028e1     0x177e ./system/src/stm32f4-hal/stm32f4xx_hal_rcc.o
 .debug_info    0x0000405f      0x956 ./system/src/newlib/_exit.o
 .debug_info    0x000049b5      0x942 ./system/src/newlib/_sbrk.o
 .debug_info    0x000052f7      0x4bf ./system/src/newlib/_startup.o
 .debug_info    0x000057b6      0xa19 ./system/src/newlib/_syscalls.o
 .debug_info    0x000061cf      0x9ff ./system/src/newlib/assert.o
 .debug_info    0x00006bce      0xb2a ./system/src/diag/Trace.o
 .debug_info    0x000076f8      0xb6b ./system/src/diag/trace_impl.o
 .debug_info    0x00008263      0xade ./system/src/cortexm/_initialize_hardware.o
 .debug_info    0x00008d41     0x115a ./system/src/cortexm/exception_handlers.o
 .debug_info    0x00009e9b      0xcfe ./system/src/cmsis/system_stm32f4xx.o
 .debug_info    0x0000ab99       0xca ./system/src/cmsis/vectors_stm32f401xc.o
 .debug_info    0x0000ac63      0x116 ./src/00_COTS/04_SERVICE/Temp/Temp.o
 .debug_info    0x0000ad79      0x14c ./src/00_COTS/04_SERVICE/Speed/Speed.o
 .debug_info    0x0000aec5      0x116 ./src/00_COTS/04_SERVICE/Fuel/Fuel.o
 .debug_info    0x0000afdb      0x16f ./src/00_COTS/04_SERVICE/BMS/BMS.o
 .debug_info    0x0000b14a      0x129 ./src/00_COTS/02_HAL/Time/Time.o
 .debug_info    0x0000b273      0x115 ./src/00_COTS/02_HAL/System_Init/System_init.o
 .debug_info    0x0000b388      0x216 ./src/00_COTS/02_HAL/ENCODER/Encoder.o
 .debug_info    0x0000b59e      0x27b ./src/00_COTS/02_HAL/DATA _FRAME/DATA_FRAME.o
 .debug_info    0x0000b819      0x1fe ./src/00_COTS/02_HAL/ADC_conversion/ADC_conv.o
 .debug_info    0x0000ba17      0x26c ./src/00_COTS/01_MCAL/07_ADC/ADC.o
 .debug_info    0x0000bc83      0x254 ./src/00_COTS/01_MCAL/06_UART/USART.o
 .debug_info    0x0000bed7      0x1e8 ./src/00_COTS/01_MCAL/05_DMA/DMA.o
 .debug_info    0x0000c0bf      0x256 ./src/00_COTS/01_MCAL/04_EXTI/EXTI_prog.o
 .debug_info    0x0000c315      0x33b ./src/00_COTS/01_MCAL/03_NVIC/NVIC.o
 .debug_info    0x0000c650      0x18e ./src/00_COTS/01_MCAL/02_SYSTICK/SYSTICK.o
 .debug_info    0x0000c7de      0x270 ./src/00_COTS/01_MCAL/01_GPIO/GPIO.o
 .debug_info    0x0000ca4e      0x1ad ./src/00_COTS/01_MCAL/00_RCC/RCC.o
 .debug_info    0x0000cbfb      0x182 ./src/00_COTS/main.o
 .debug_info    0x0000cd7d      0xd34 ./src/_initialize_hardware.o
 .debug_info    0x0000dab1      0x90f ./src/stm32f4xx_hal_msp.o

.debug_abbrev   0x00000000     0x341d
 *(.debug_abbrev)
 .debug_abbrev  0x00000000      0x32b ./system/src/stm32f4-hal/stm32f4xx_hal.o
 .debug_abbrev  0x0000032b      0x3f1 ./system/src/stm32f4-hal/stm32f4xx_hal_cortex.o
 .debug_abbrev  0x0000071c      0x394 ./system/src/stm32f4-hal/stm32f4xx_hal_rcc.o
 .debug_abbrev  0x00000ab0      0x1f3 ./system/src/newlib/_exit.o
 .debug_abbrev  0x00000ca3      0x1fc ./system/src/newlib/_sbrk.o
 .debug_abbrev  0x00000e9f      0x1cb ./system/src/newlib/_startup.o
 .debug_abbrev  0x0000106a      0x234 ./system/src/newlib/_syscalls.o
 .debug_abbrev  0x0000129e      0x1f3 ./system/src/newlib/assert.o
 .debug_abbrev  0x00001491      0x276 ./system/src/diag/Trace.o
 .debug_abbrev  0x00001707      0x2ef ./system/src/diag/trace_impl.o
 .debug_abbrev  0x000019f6      0x1de ./system/src/cortexm/_initialize_hardware.o
 .debug_abbrev  0x00001bd4      0x32b ./system/src/cortexm/exception_handlers.o
 .debug_abbrev  0x00001eff      0x216 ./system/src/cmsis/system_stm32f4xx.o
 .debug_abbrev  0x00002115       0x9d ./system/src/cmsis/vectors_stm32f401xc.o
 .debug_abbrev  0x000021b2       0xb6 ./src/00_COTS/04_SERVICE/Temp/Temp.o
 .debug_abbrev  0x00002268       0xea ./src/00_COTS/04_SERVICE/Speed/Speed.o
 .debug_abbrev  0x00002352       0xb6 ./src/00_COTS/04_SERVICE/Fuel/Fuel.o
 .debug_abbrev  0x00002408       0xd2 ./src/00_COTS/04_SERVICE/BMS/BMS.o
 .debug_abbrev  0x000024da       0xcc ./src/00_COTS/02_HAL/Time/Time.o
 .debug_abbrev  0x000025a6       0x71 ./src/00_COTS/02_HAL/System_Init/System_init.o
 .debug_abbrev  0x00002617       0xc8 ./src/00_COTS/02_HAL/ENCODER/Encoder.o
 .debug_abbrev  0x000026df       0xdb ./src/00_COTS/02_HAL/DATA _FRAME/DATA_FRAME.o
 .debug_abbrev  0x000027ba       0xc6 ./src/00_COTS/02_HAL/ADC_conversion/ADC_conv.o
 .debug_abbrev  0x00002880      0x100 ./src/00_COTS/01_MCAL/07_ADC/ADC.o
 .debug_abbrev  0x00002980       0xc9 ./src/00_COTS/01_MCAL/06_UART/USART.o
 .debug_abbrev  0x00002a49       0xd9 ./src/00_COTS/01_MCAL/05_DMA/DMA.o
 .debug_abbrev  0x00002b22       0xf7 ./src/00_COTS/01_MCAL/04_EXTI/EXTI_prog.o
 .debug_abbrev  0x00002c19      0x12a ./src/00_COTS/01_MCAL/03_NVIC/NVIC.o
 .debug_abbrev  0x00002d43      0x111 ./src/00_COTS/01_MCAL/02_SYSTICK/SYSTICK.o
 .debug_abbrev  0x00002e54       0xba ./src/00_COTS/01_MCAL/01_GPIO/GPIO.o
 .debug_abbrev  0x00002f0e       0xaa ./src/00_COTS/01_MCAL/00_RCC/RCC.o
 .debug_abbrev  0x00002fb8       0x87 ./src/00_COTS/main.o
 .debug_abbrev  0x0000303f      0x22d ./src/_initialize_hardware.o
 .debug_abbrev  0x0000326c      0x1b1 ./src/stm32f4xx_hal_msp.o

.debug_line     0x00000000     0x92cd
 *(.debug_line)
 .debug_line    0x00000000      0xb34 ./system/src/stm32f4-hal/stm32f4xx_hal.o
 .debug_line    0x00000b34      0xc2b ./system/src/stm32f4-hal/stm32f4xx_hal_cortex.o
 .debug_line    0x0000175f      0xdb6 ./system/src/stm32f4-hal/stm32f4xx_hal_rcc.o
 .debug_line    0x00002515      0x2f7 ./system/src/newlib/_exit.o
 .debug_line    0x0000280c      0x2ab ./system/src/newlib/_sbrk.o
 .debug_line    0x00002ab7      0x373 ./system/src/newlib/_startup.o
 .debug_line    0x00002e2a      0x3ab ./system/src/newlib/_syscalls.o
 .debug_line    0x000031d5      0x332 ./system/src/newlib/assert.o
 .debug_line    0x00003507      0x373 ./system/src/diag/Trace.o
 .debug_line    0x0000387a      0xa67 ./system/src/diag/trace_impl.o
 .debug_line    0x000042e1      0x9d0 ./system/src/cortexm/_initialize_hardware.o
 .debug_line    0x00004cb1      0xb1e ./system/src/cortexm/exception_handlers.o
 .debug_line    0x000057cf      0x9d6 ./system/src/cmsis/system_stm32f4xx.o
 .debug_line    0x000061a5       0xec ./system/src/cmsis/vectors_stm32f401xc.o
 .debug_line    0x00006291      0x14d ./src/00_COTS/04_SERVICE/Temp/Temp.o
 .debug_line    0x000063de      0x19a ./src/00_COTS/04_SERVICE/Speed/Speed.o
 .debug_line    0x00006578      0x14d ./src/00_COTS/04_SERVICE/Fuel/Fuel.o
 .debug_line    0x000066c5      0x185 ./src/00_COTS/04_SERVICE/BMS/BMS.o
 .debug_line    0x0000684a      0x107 ./src/00_COTS/02_HAL/Time/Time.o
 .debug_line    0x00006951      0x220 ./src/00_COTS/02_HAL/System_Init/System_init.o
 .debug_line    0x00006b71      0x1bd ./src/00_COTS/02_HAL/ENCODER/Encoder.o
 .debug_line    0x00006d2e      0x1c2 ./src/00_COTS/02_HAL/DATA _FRAME/DATA_FRAME.o
 .debug_line    0x00006ef0      0x1eb ./src/00_COTS/02_HAL/ADC_conversion/ADC_conv.o
 .debug_line    0x000070db      0x173 ./src/00_COTS/01_MCAL/07_ADC/ADC.o
 .debug_line    0x0000724e      0x214 ./src/00_COTS/01_MCAL/06_UART/USART.o
 .debug_line    0x00007462      0x11a ./src/00_COTS/01_MCAL/05_DMA/DMA.o
 .debug_line    0x0000757c      0x18d ./src/00_COTS/01_MCAL/04_EXTI/EXTI_prog.o
 .debug_line    0x00007709      0x173 ./src/00_COTS/01_MCAL/03_NVIC/NVIC.o
 .debug_line    0x0000787c      0x12f ./src/00_COTS/01_MCAL/02_SYSTICK/SYSTICK.o
 .debug_line    0x000079ab      0x1c2 ./src/00_COTS/01_MCAL/01_GPIO/GPIO.o
 .debug_line    0x00007b6d      0x1c9 ./src/00_COTS/01_MCAL/00_RCC/RCC.o
 .debug_line    0x00007d36      0x204 ./src/00_COTS/main.o
 .debug_line    0x00007f3a      0x9c9 ./src/_initialize_hardware.o
 .debug_line    0x00008903      0x9ca ./src/stm32f4xx_hal_msp.o

.debug_frame    0x00000000     0x156c
 *(.debug_frame)
 .debug_frame   0x00000000      0x188 ./system/src/stm32f4-hal/stm32f4xx_hal.o
 .debug_frame   0x00000188      0x17c ./system/src/stm32f4-hal/stm32f4xx_hal_cortex.o
 .debug_frame   0x00000304      0x140 ./system/src/stm32f4-hal/stm32f4xx_hal_rcc.o
 .debug_frame   0x00000444       0x38 ./system/src/newlib/_exit.o
 .debug_frame   0x0000047c       0x28 ./system/src/newlib/_sbrk.o
 .debug_frame   0x000004a4       0x7c ./system/src/newlib/_startup.o
 .debug_frame   0x00000520       0x50 ./system/src/newlib/_syscalls.o
 .debug_frame   0x00000570       0x40 ./system/src/newlib/assert.o
 .debug_frame   0x000005b0       0x94 ./system/src/diag/Trace.o
 .debug_frame   0x00000644       0x64 ./system/src/diag/trace_impl.o
 .debug_frame   0x000006a8       0x40 ./system/src/cortexm/_initialize_hardware.o
 .debug_frame   0x000006e8      0x158 ./system/src/cortexm/exception_handlers.o
 .debug_frame   0x00000840       0x30 ./system/src/cmsis/system_stm32f4xx.o
 .debug_frame   0x00000870       0x20 ./system/src/cmsis/vectors_stm32f401xc.o
 .debug_frame   0x00000890       0x44 ./src/00_COTS/04_SERVICE/Temp/Temp.o
 .debug_frame   0x000008d4       0x58 ./src/00_COTS/04_SERVICE/Speed/Speed.o
 .debug_frame   0x0000092c       0x44 ./src/00_COTS/04_SERVICE/Fuel/Fuel.o
 .debug_frame   0x00000970       0x50 ./src/00_COTS/04_SERVICE/BMS/BMS.o
 .debug_frame   0x000009c0       0x50 ./src/00_COTS/02_HAL/Time/Time.o
 .debug_frame   0x00000a10       0x28 ./src/00_COTS/02_HAL/System_Init/System_init.o
 .debug_frame   0x00000a38       0x38 ./src/00_COTS/02_HAL/ENCODER/Encoder.o
 .debug_frame   0x00000a70       0x60 ./src/00_COTS/02_HAL/DATA _FRAME/DATA_FRAME.o
 .debug_frame   0x00000ad0       0x58 ./src/00_COTS/02_HAL/ADC_conversion/ADC_conv.o
 .debug_frame   0x00000b28       0x88 ./src/00_COTS/01_MCAL/07_ADC/ADC.o
 .debug_frame   0x00000bb0       0x8c ./src/00_COTS/01_MCAL/06_UART/USART.o
 .debug_frame   0x00000c3c       0x6c ./src/00_COTS/01_MCAL/05_DMA/DMA.o
 .debug_frame   0x00000ca8       0xc0 ./src/00_COTS/01_MCAL/04_EXTI/EXTI_prog.o
 .debug_frame   0x00000d68       0x90 ./src/00_COTS/01_MCAL/03_NVIC/NVIC.o
 .debug_frame   0x00000df8       0x78 ./src/00_COTS/01_MCAL/02_SYSTICK/SYSTICK.o
 .debug_frame   0x00000e70       0xcc ./src/00_COTS/01_MCAL/01_GPIO/GPIO.o
 .debug_frame   0x00000f3c       0xc0 ./src/00_COTS/01_MCAL/00_RCC/RCC.o
 .debug_frame   0x00000ffc       0x28 ./src/00_COTS/main.o
 .debug_frame   0x00001024       0x4c ./src/_initialize_hardware.o
 .debug_frame   0x00001070       0x50 ./src/stm32f4xx_hal_msp.o
 .debug_frame   0x000010c0       0xac c:/imt_sdk_win_64/winarm/armgcc/bin/../lib/gcc/arm-none-eabi/7.2.1/thumb/v7e-m\libgcc.a(_arm_addsubdf3.o)
 .debug_frame   0x0000116c       0x50 c:/imt_sdk_win_64/winarm/armgcc/bin/../lib/gcc/arm-none-eabi/7.2.1/thumb/v7e-m\libgcc.a(_arm_muldivdf3.o)
 .debug_frame   0x000011bc       0xc4 c:/imt_sdk_win_64/winarm/armgcc/bin/../lib/gcc/arm-none-eabi/7.2.1/thumb/v7e-m\libgcc.a(_arm_cmpdf2.o)
 .debug_frame   0x00001280       0x24 c:/imt_sdk_win_64/winarm/armgcc/bin/../lib/gcc/arm-none-eabi/7.2.1/thumb/v7e-m\libgcc.a(_arm_fixunsdfsi.o)
 .debug_frame   0x000012a4       0x20 c:/imt_sdk_win_64/winarm/armgcc/bin/../lib/gcc/arm-none-eabi/7.2.1/../../../../arm-none-eabi/lib/thumb/v7e-m\libg_nano.a(lib_a-errno.o)
 .debug_frame   0x000012c4       0x4c c:/imt_sdk_win_64/winarm/armgcc/bin/../lib/gcc/arm-none-eabi/7.2.1/../../../../arm-none-eabi/lib/thumb/v7e-m\libg_nano.a(lib_a-vsnprintf.o)
 .debug_frame   0x00001310       0x90 c:/imt_sdk_win_64/winarm/armgcc/bin/../lib/gcc/arm-none-eabi/7.2.1/../../../../arm-none-eabi/lib/thumb/v7e-m\libg_nano.a(lib_a-nano-svfprintf.o)
 .debug_frame   0x000013a0       0x60 c:/imt_sdk_win_64/winarm/armgcc/bin/../lib/gcc/arm-none-eabi/7.2.1/../../../../arm-none-eabi/lib/thumb/v7e-m\libg_nano.a(lib_a-nano-vfprintf_i.o)
 .debug_frame   0x00001400       0x28 c:/imt_sdk_win_64/winarm/armgcc/bin/../lib/gcc/arm-none-eabi/7.2.1/../../../../arm-none-eabi/lib/thumb/v7e-m\libg_nano.a(lib_a-memcpy-stub.o)
 .debug_frame   0x00001428       0x28 c:/imt_sdk_win_64/winarm/armgcc/bin/../lib/gcc/arm-none-eabi/7.2.1/../../../../arm-none-eabi/lib/thumb/v7e-m\libg_nano.a(lib_a-memmove.o)
 .debug_frame   0x00001450       0x38 c:/imt_sdk_win_64/winarm/armgcc/bin/../lib/gcc/arm-none-eabi/7.2.1/../../../../arm-none-eabi/lib/thumb/v7e-m\libg_nano.a(lib_a-nano-freer.o)
 .debug_frame   0x00001488       0x2c c:/imt_sdk_win_64/winarm/armgcc/bin/../lib/gcc/arm-none-eabi/7.2.1/../../../../arm-none-eabi/lib/thumb/v7e-m\libg_nano.a(lib_a-nano-mallocr.o)
 .debug_frame   0x000014b4       0x3c c:/imt_sdk_win_64/winarm/armgcc/bin/../lib/gcc/arm-none-eabi/7.2.1/../../../../arm-none-eabi/lib/thumb/v7e-m\libg_nano.a(lib_a-nano-reallocr.o)
 .debug_frame   0x000014f0       0x2c c:/imt_sdk_win_64/winarm/armgcc/bin/../lib/gcc/arm-none-eabi/7.2.1/../../../../arm-none-eabi/lib/thumb/v7e-m\libg_nano.a(lib_a-sbrkr.o)
 .debug_frame   0x0000151c       0x30 c:/imt_sdk_win_64/winarm/armgcc/bin/../lib/gcc/arm-none-eabi/7.2.1/../../../../arm-none-eabi/lib/thumb/v7e-m\libg_nano.a(lib_a-mlock.o)
 .debug_frame   0x0000154c       0x20 c:/imt_sdk_win_64/winarm/armgcc/bin/../lib/gcc/arm-none-eabi/7.2.1/../../../../arm-none-eabi/lib/thumb/v7e-m\libg_nano.a(lib_a-nano-msizer.o)

.debug_str      0x00000000    0x763de
 *(.debug_str)
 .debug_str     0x00000000    0x6fc49 ./system/src/stm32f4-hal/stm32f4xx_hal.o
                              0x7007d (size before relaxing)
 .debug_str     0x0006fc49      0x391 ./system/src/stm32f4-hal/stm32f4xx_hal_cortex.o
                              0x6fee7 (size before relaxing)
 .debug_str     0x0006ffda      0x3fa ./system/src/stm32f4-hal/stm32f4xx_hal_rcc.o
                              0x6fbff (size before relaxing)
 .debug_str     0x000703d4     0x10ff ./system/src/newlib/_exit.o
                               0x7ede (size before relaxing)
 .debug_str     0x000714d3      0x4f5 ./system/src/newlib/_sbrk.o
                               0x7290 (size before relaxing)
 .debug_str     0x000719c8      0x2c6 ./system/src/newlib/_startup.o
                               0x6a31 (size before relaxing)
 .debug_str     0x00071c8e      0xe8b ./system/src/newlib/_syscalls.o
                               0x816b (size before relaxing)
 .debug_str     0x00072b19       0xd0 ./system/src/newlib/assert.o
                               0x89e3 (size before relaxing)
 .debug_str     0x00072be9      0x176 ./system/src/diag/Trace.o
                               0x8656 (size before relaxing)
 .debug_str     0x00072d5f      0x37b ./system/src/diag/trace_impl.o
                              0x7097c (size before relaxing)
 .debug_str     0x000730da       0x5e ./system/src/cortexm/_initialize_hardware.o
                              0x6f70e (size before relaxing)
 .debug_str     0x00073138      0x19d ./system/src/cortexm/exception_handlers.o
                              0x70b06 (size before relaxing)
 .debug_str     0x000732d5       0x46 ./system/src/cmsis/system_stm32f4xx.o
                              0x6f7ef (size before relaxing)
 .debug_str     0x0007331b       0x59 ./system/src/cmsis/vectors_stm32f401xc.o
                               0x386e (size before relaxing)
 .debug_str     0x00073374      0x18e ./src/00_COTS/04_SERVICE/Temp/Temp.o
                               0x2f0b (size before relaxing)
 .debug_str     0x00073502       0xc3 ./src/00_COTS/04_SERVICE/Speed/Speed.o
                               0x2f40 (size before relaxing)
 .debug_str     0x000735c5       0x80 ./src/00_COTS/04_SERVICE/Fuel/Fuel.o
                               0x2f0c (size before relaxing)
 .debug_str     0x00073645       0xb7 ./src/00_COTS/04_SERVICE/BMS/BMS.o
                               0x2f6f (size before relaxing)
 .debug_str     0x000736fc       0x99 ./src/00_COTS/02_HAL/Time/Time.o
                               0x2ee7 (size before relaxing)
 .debug_str     0x00073795      0x80e ./src/00_COTS/02_HAL/System_Init/System_init.o
                               0x36a0 (size before relaxing)
 .debug_str     0x00073fa3      0x2e1 ./src/00_COTS/02_HAL/ENCODER/Encoder.o
                               0x38ce (size before relaxing)
 .debug_str     0x00074284       0xc3 ./src/00_COTS/02_HAL/DATA _FRAME/DATA_FRAME.o
                               0x3704 (size before relaxing)
 .debug_str     0x00074347       0xa9 ./src/00_COTS/02_HAL/ADC_conversion/ADC_conv.o
                               0x3737 (size before relaxing)
 .debug_str     0x000743f0      0x8ba ./src/00_COTS/01_MCAL/07_ADC/ADC.o
                               0x374e (size before relaxing)
 .debug_str     0x00074caa      0x49d ./src/00_COTS/01_MCAL/06_UART/USART.o
                               0x3334 (size before relaxing)
 .debug_str     0x00075147      0x406 ./src/00_COTS/01_MCAL/05_DMA/DMA.o
                               0x3299 (size before relaxing)
 .debug_str     0x0007554d      0x253 ./src/00_COTS/01_MCAL/04_EXTI/EXTI_prog.o
                               0x321a (size before relaxing)
 .debug_str     0x000757a0      0x1c7 ./src/00_COTS/01_MCAL/03_NVIC/NVIC.o
                               0x3155 (size before relaxing)
 .debug_str     0x00075967      0x102 ./src/00_COTS/01_MCAL/02_SYSTICK/SYSTICK.o
                               0x2fa9 (size before relaxing)
 .debug_str     0x00075a69      0x20c ./src/00_COTS/01_MCAL/01_GPIO/GPIO.o
                               0x3629 (size before relaxing)
 .debug_str     0x00075c75      0x6d5 ./src/00_COTS/01_MCAL/00_RCC/RCC.o
                               0x375f (size before relaxing)
 .debug_str     0x0007634a       0x26 ./src/00_COTS/main.o
                               0x2f33 (size before relaxing)
 .debug_str     0x00076370       0x31 ./src/_initialize_hardware.o
                              0x6f905 (size before relaxing)
 .debug_str     0x000763a1       0x3d ./src/stm32f4xx_hal_msp.o
                              0x6f656 (size before relaxing)

.debug_loc      0x00000000     0x22cc
 *(.debug_loc)
 .debug_loc     0x00000000       0x92 ./system/src/stm32f4-hal/stm32f4xx_hal.o
 .debug_loc     0x00000092      0x73b ./system/src/stm32f4-hal/stm32f4xx_hal_cortex.o
 .debug_loc     0x000007cd      0x50a ./system/src/stm32f4-hal/stm32f4xx_hal_rcc.o
 .debug_loc     0x00000cd7       0x85 ./system/src/newlib/_sbrk.o
 .debug_loc     0x00000d5c      0x2cb ./system/src/newlib/_startup.o
 .debug_loc     0x00001027       0x63 ./system/src/newlib/_syscalls.o
 .debug_loc     0x0000108a      0x134 ./system/src/newlib/assert.o
 .debug_loc     0x000011be       0xf6 ./system/src/diag/Trace.o
 .debug_loc     0x000012b4      0x121 ./system/src/diag/trace_impl.o
 .debug_loc     0x000013d5      0x291 ./system/src/cortexm/exception_handlers.o
 .debug_loc     0x00001666      0x13e ./system/src/cmsis/system_stm32f4xx.o
 .debug_loc     0x000017a4       0x65 ./src/00_COTS/04_SERVICE/Temp/Temp.o
 .debug_loc     0x00001809       0x1f ./src/00_COTS/04_SERVICE/Speed/Speed.o
 .debug_loc     0x00001828       0x65 ./src/00_COTS/04_SERVICE/Fuel/Fuel.o
 .debug_loc     0x0000188d       0x32 ./src/00_COTS/04_SERVICE/BMS/BMS.o
 .debug_loc     0x000018bf      0x12a ./src/00_COTS/02_HAL/DATA _FRAME/DATA_FRAME.o
 .debug_loc     0x000019e9      0x16c ./src/00_COTS/01_MCAL/06_UART/USART.o
 .debug_loc     0x00001b55       0x6f ./src/00_COTS/01_MCAL/05_DMA/DMA.o
 .debug_loc     0x00001bc4      0x127 ./src/00_COTS/01_MCAL/04_EXTI/EXTI_prog.o
 .debug_loc     0x00001ceb      0x228 ./src/00_COTS/01_MCAL/03_NVIC/NVIC.o
 .debug_loc     0x00001f13       0x41 ./src/00_COTS/01_MCAL/02_SYSTICK/SYSTICK.o
 .debug_loc     0x00001f54      0x245 ./src/00_COTS/01_MCAL/01_GPIO/GPIO.o
 .debug_loc     0x00002199      0x133 ./src/00_COTS/01_MCAL/00_RCC/RCC.o

.debug_macinfo
 *(.debug_macinfo)

.debug_weaknames
 *(.debug_weaknames)

.debug_funcnames
 *(.debug_funcnames)

.debug_typenames
 *(.debug_typenames)

.debug_varnames
 *(.debug_varnames)
OUTPUT(Grad_Proj.elf elf32-littlearm)

.debug_ranges   0x00000000      0x798
 .debug_ranges  0x00000000       0xb0 ./system/src/stm32f4-hal/stm32f4xx_hal.o
 .debug_ranges  0x000000b0       0xe8 ./system/src/stm32f4-hal/stm32f4xx_hal_cortex.o
 .debug_ranges  0x00000198       0x78 ./system/src/stm32f4-hal/stm32f4xx_hal_rcc.o
 .debug_ranges  0x00000210       0x18 ./system/src/newlib/_exit.o
 .debug_ranges  0x00000228       0x10 ./system/src/newlib/_sbrk.o
 .debug_ranges  0x00000238       0x90 ./system/src/newlib/_startup.o
 .debug_ranges  0x000002c8       0x20 ./system/src/newlib/_syscalls.o
 .debug_ranges  0x000002e8       0x18 ./system/src/newlib/assert.o
 .debug_ranges  0x00000300       0x28 ./system/src/diag/Trace.o
 .debug_ranges  0x00000328       0x50 ./system/src/diag/trace_impl.o
 .debug_ranges  0x00000378       0x18 ./system/src/cortexm/_initialize_hardware.o
 .debug_ranges  0x00000390       0x80 ./system/src/cortexm/exception_handlers.o
 .debug_ranges  0x00000410       0x18 ./system/src/cmsis/system_stm32f4xx.o
 .debug_ranges  0x00000428       0x10 ./system/src/cmsis/vectors_stm32f401xc.o
 .debug_ranges  0x00000438       0x18 ./src/00_COTS/04_SERVICE/Temp/Temp.o
 .debug_ranges  0x00000450       0x20 ./src/00_COTS/04_SERVICE/Speed/Speed.o
 .debug_ranges  0x00000470       0x18 ./src/00_COTS/04_SERVICE/Fuel/Fuel.o
 .debug_ranges  0x00000488       0x18 ./src/00_COTS/04_SERVICE/BMS/BMS.o
 .debug_ranges  0x000004a0       0x20 ./src/00_COTS/02_HAL/Time/Time.o
 .debug_ranges  0x000004c0       0x10 ./src/00_COTS/02_HAL/System_Init/System_init.o
 .debug_ranges  0x000004d0       0x18 ./src/00_COTS/02_HAL/ENCODER/Encoder.o
 .debug_ranges  0x000004e8       0x20 ./src/00_COTS/02_HAL/DATA _FRAME/DATA_FRAME.o
 .debug_ranges  0x00000508       0x28 ./src/00_COTS/02_HAL/ADC_conversion/ADC_conv.o
 .debug_ranges  0x00000530       0x40 ./src/00_COTS/01_MCAL/07_ADC/ADC.o
 .debug_ranges  0x00000570       0x40 ./src/00_COTS/01_MCAL/06_UART/USART.o
 .debug_ranges  0x000005b0       0x20 ./src/00_COTS/01_MCAL/05_DMA/DMA.o
 .debug_ranges  0x000005d0       0x58 ./src/00_COTS/01_MCAL/04_EXTI/EXTI_prog.o
 .debug_ranges  0x00000628       0x48 ./src/00_COTS/01_MCAL/03_NVIC/NVIC.o
 .debug_ranges  0x00000670       0x38 ./src/00_COTS/01_MCAL/02_SYSTICK/SYSTICK.o
 .debug_ranges  0x000006a8       0x40 ./src/00_COTS/01_MCAL/01_GPIO/GPIO.o
 .debug_ranges  0x000006e8       0x60 ./src/00_COTS/01_MCAL/00_RCC/RCC.o
 .debug_ranges  0x00000748       0x10 ./src/00_COTS/main.o
 .debug_ranges  0x00000758       0x18 ./src/_initialize_hardware.o
 .debug_ranges  0x00000770       0x28 ./src/stm32f4xx_hal_msp.o

.debug_macro    0x00000000    0x15f43
 .debug_macro   0x00000000      0x532 ./system/src/stm32f4-hal/stm32f4xx_hal.o
 .debug_macro   0x00000532      0xa6c ./system/src/stm32f4-hal/stm32f4xx_hal.o
 .debug_macro   0x00000f9e      0x289 ./system/src/stm32f4-hal/stm32f4xx_hal.o
 .debug_macro   0x00001227       0x31 ./system/src/stm32f4-hal/stm32f4xx_hal.o
 .debug_macro   0x00001258       0x28 ./system/src/stm32f4-hal/stm32f4xx_hal.o
 .debug_macro   0x00001280      0x34e ./system/src/stm32f4-hal/stm32f4xx_hal.o
 .debug_macro   0x000015ce       0x35 ./system/src/stm32f4-hal/stm32f4xx_hal.o
 .debug_macro   0x00001603       0x50 ./system/src/stm32f4-hal/stm32f4xx_hal.o
 .debug_macro   0x00001653      0xe66 ./system/src/stm32f4-hal/stm32f4xx_hal.o
 .debug_macro   0x000024b9     0x5099 ./system/src/stm32f4-hal/stm32f4xx_hal.o
 .debug_macro   0x00007552       0x43 ./system/src/stm32f4-hal/stm32f4xx_hal.o
 .debug_macro   0x00007595     0x347f ./system/src/stm32f4-hal/stm32f4xx_hal.o
 .debug_macro   0x0000aa14       0x22 ./system/src/stm32f4-hal/stm32f4xx_hal.o
 .debug_macro   0x0000aa36       0x52 ./system/src/stm32f4-hal/stm32f4xx_hal.o
 .debug_macro   0x0000aa88       0x17 ./system/src/stm32f4-hal/stm32f4xx_hal.o
 .debug_macro   0x0000aa9f       0x8d ./system/src/stm32f4-hal/stm32f4xx_hal.o
 .debug_macro   0x0000ab2c       0x35 ./system/src/stm32f4-hal/stm32f4xx_hal.o
 .debug_macro   0x0000ab61       0x9c ./system/src/stm32f4-hal/stm32f4xx_hal.o
 .debug_macro   0x0000abfd       0x16 ./system/src/stm32f4-hal/stm32f4xx_hal.o
 .debug_macro   0x0000ac13       0x57 ./system/src/stm32f4-hal/stm32f4xx_hal.o
 .debug_macro   0x0000ac6a       0x97 ./system/src/stm32f4-hal/stm32f4xx_hal.o
 .debug_macro   0x0000ad01      0x330 ./system/src/stm32f4-hal/stm32f4xx_hal.o
 .debug_macro   0x0000b031       0xfd ./system/src/stm32f4-hal/stm32f4xx_hal.o
 .debug_macro   0x0000b12e       0x10 ./system/src/stm32f4-hal/stm32f4xx_hal.o
 .debug_macro   0x0000b13e       0x58 ./system/src/stm32f4-hal/stm32f4xx_hal.o
 .debug_macro   0x0000b196       0x1f ./system/src/stm32f4-hal/stm32f4xx_hal.o
 .debug_macro   0x0000b1b5       0x43 ./system/src/stm32f4-hal/stm32f4xx_hal.o
 .debug_macro   0x0000b1f8       0x20 ./system/src/stm32f4-hal/stm32f4xx_hal.o
 .debug_macro   0x0000b218      0x18e ./system/src/stm32f4-hal/stm32f4xx_hal.o
 .debug_macro   0x0000b3a6       0x10 ./system/src/stm32f4-hal/stm32f4xx_hal.o
 .debug_macro   0x0000b3b6       0x6a ./system/src/stm32f4-hal/stm32f4xx_hal.o
 .debug_macro   0x0000b420       0x1c ./system/src/stm32f4-hal/stm32f4xx_hal.o
 .debug_macro   0x0000b43c       0x52 ./system/src/stm32f4-hal/stm32f4xx_hal.o
 .debug_macro   0x0000b48e       0x40 ./system/src/stm32f4-hal/stm32f4xx_hal.o
 .debug_macro   0x0000b4ce       0x10 ./system/src/stm32f4-hal/stm32f4xx_hal.o
 .debug_macro   0x0000b4de       0x40 ./system/src/stm32f4-hal/stm32f4xx_hal.o
 .debug_macro   0x0000b51e       0xd7 ./system/src/stm32f4-hal/stm32f4xx_hal.o
 .debug_macro   0x0000b5f5       0x1c ./system/src/stm32f4-hal/stm32f4xx_hal.o
 .debug_macro   0x0000b611       0x3d ./system/src/stm32f4-hal/stm32f4xx_hal.o
 .debug_macro   0x0000b64e       0x16 ./system/src/stm32f4-hal/stm32f4xx_hal.o
 .debug_macro   0x0000b664      0x16f ./system/src/stm32f4-hal/stm32f4xx_hal.o
 .debug_macro   0x0000b7d3       0x57 ./system/src/stm32f4-hal/stm32f4xx_hal.o
 .debug_macro   0x0000b82a      0x424 ./system/src/stm32f4-hal/stm32f4xx_hal.o
 .debug_macro   0x0000bc4e      0x9e1 ./system/src/stm32f4-hal/stm32f4xx_hal.o
 .debug_macro   0x0000c62f      0x11e ./system/src/stm32f4-hal/stm32f4xx_hal.o
 .debug_macro   0x0000c74d       0xf8 ./system/src/stm32f4-hal/stm32f4xx_hal.o
 .debug_macro   0x0000c845       0x27 ./system/src/stm32f4-hal/stm32f4xx_hal.o
 .debug_macro   0x0000c86c      0x287 ./system/src/stm32f4-hal/stm32f4xx_hal.o
 .debug_macro   0x0000caf3       0x5f ./system/src/stm32f4-hal/stm32f4xx_hal.o
 .debug_macro   0x0000cb52      0x23a ./system/src/stm32f4-hal/stm32f4xx_hal.o
 .debug_macro   0x0000cd8c      0x391 ./system/src/stm32f4-hal/stm32f4xx_hal.o
 .debug_macro   0x0000d11d      0x16f ./system/src/stm32f4-hal/stm32f4xx_hal.o
 .debug_macro   0x0000d28c       0xf9 ./system/src/stm32f4-hal/stm32f4xx_hal.o
 .debug_macro   0x0000d385       0x23 ./system/src/stm32f4-hal/stm32f4xx_hal.o
 .debug_macro   0x0000d3a8      0x13a ./system/src/stm32f4-hal/stm32f4xx_hal.o
 .debug_macro   0x0000d4e2      0x23a ./system/src/stm32f4-hal/stm32f4xx_hal.o
 .debug_macro   0x0000d71c       0x2e ./system/src/stm32f4-hal/stm32f4xx_hal.o
 .debug_macro   0x0000d74a      0x1a7 ./system/src/stm32f4-hal/stm32f4xx_hal.o
 .debug_macro   0x0000d8f1       0x22 ./system/src/stm32f4-hal/stm32f4xx_hal.o
 .debug_macro   0x0000d913       0xa5 ./system/src/stm32f4-hal/stm32f4xx_hal.o
 .debug_macro   0x0000d9b8      0x18b ./system/src/stm32f4-hal/stm32f4xx_hal.o
 .debug_macro   0x0000db43       0x24 ./system/src/stm32f4-hal/stm32f4xx_hal.o
 .debug_macro   0x0000db67       0x35 ./system/src/stm32f4-hal/stm32f4xx_hal.o
 .debug_macro   0x0000db9c       0x79 ./system/src/stm32f4-hal/stm32f4xx_hal.o
 .debug_macro   0x0000dc15      0x11e ./system/src/stm32f4-hal/stm32f4xx_hal.o
 .debug_macro   0x0000dd33       0x85 ./system/src/stm32f4-hal/stm32f4xx_hal.o
 .debug_macro   0x0000ddb8       0x89 ./system/src/stm32f4-hal/stm32f4xx_hal.o
 .debug_macro   0x0000de41      0x31a ./system/src/stm32f4-hal/stm32f4xx_hal.o
 .debug_macro   0x0000e15b      0x409 ./system/src/stm32f4-hal/stm32f4xx_hal.o
 .debug_macro   0x0000e564       0xe4 ./system/src/stm32f4-hal/stm32f4xx_hal.o
 .debug_macro   0x0000e648      0x48d ./system/src/stm32f4-hal/stm32f4xx_hal.o
 .debug_macro   0x0000ead5      0x22b ./system/src/stm32f4-hal/stm32f4xx_hal.o
 .debug_macro   0x0000ed00      0x202 ./system/src/stm32f4-hal/stm32f4xx_hal.o
 .debug_macro   0x0000ef02      0x6d9 ./system/src/stm32f4-hal/stm32f4xx_hal.o
 .debug_macro   0x0000f5db       0x5b ./system/src/stm32f4-hal/stm32f4xx_hal.o
 .debug_macro   0x0000f636      0x14d ./system/src/stm32f4-hal/stm32f4xx_hal.o
 .debug_macro   0x0000f783      0x287 ./system/src/stm32f4-hal/stm32f4xx_hal.o
 .debug_macro   0x0000fa0a      0x225 ./system/src/stm32f4-hal/stm32f4xx_hal.o
 .debug_macro   0x0000fc2f      0x1b5 ./system/src/stm32f4-hal/stm32f4xx_hal.o
 .debug_macro   0x0000fde4      0x2db ./system/src/stm32f4-hal/stm32f4xx_hal.o
 .debug_macro   0x000100bf       0x89 ./system/src/stm32f4-hal/stm32f4xx_hal.o
 .debug_macro   0x00010148      0x1df ./system/src/stm32f4-hal/stm32f4xx_hal.o
 .debug_macro   0x00010327      0x115 ./system/src/stm32f4-hal/stm32f4xx_hal.o
 .debug_macro   0x0001043c       0x6e ./system/src/stm32f4-hal/stm32f4xx_hal.o
 .debug_macro   0x000104aa      0x11e ./system/src/stm32f4-hal/stm32f4xx_hal.o
 .debug_macro   0x000105c8      0x4e4 ./system/src/stm32f4-hal/stm32f4xx_hal_cortex.o
 .debug_macro   0x00010aac      0x50e ./system/src/stm32f4-hal/stm32f4xx_hal_rcc.o
 .debug_macro   0x00010fba      0x1b4 ./system/src/newlib/_exit.o
 .debug_macro   0x0001116e      0x10e ./system/src/newlib/_exit.o
 .debug_macro   0x0001127c       0x8d ./system/src/newlib/_exit.o
 .debug_macro   0x00011309       0x35 ./system/src/newlib/_exit.o
 .debug_macro   0x0001133e      0x169 ./system/src/newlib/_sbrk.o
 .debug_macro   0x000114a7      0x174 ./system/src/newlib/_sbrk.o
 .debug_macro   0x0001161b       0x10 ./system/src/newlib/_sbrk.o
 .debug_macro   0x0001162b      0x23b ./system/src/newlib/_sbrk.o
 .debug_macro   0x00011866      0x173 ./system/src/newlib/_startup.o
 .debug_macro   0x000119d9      0xa72 ./system/src/newlib/_startup.o
 .debug_macro   0x0001244b      0x217 ./system/src/newlib/_syscalls.o
 .debug_macro   0x00012662       0x1c ./system/src/newlib/_syscalls.o
 .debug_macro   0x0001267e       0x10 ./system/src/newlib/_syscalls.o
 .debug_macro   0x0001268e       0x10 ./system/src/newlib/_syscalls.o
 .debug_macro   0x0001269e       0x10 ./system/src/newlib/_syscalls.o
 .debug_macro   0x000126ae       0x35 ./system/src/newlib/_syscalls.o
 .debug_macro   0x000126e3      0x122 ./system/src/newlib/_syscalls.o
 .debug_macro   0x00012805       0x88 ./system/src/newlib/_syscalls.o
 .debug_macro   0x0001288d       0x2b ./system/src/newlib/_syscalls.o
 .debug_macro   0x000128b8      0x118 ./system/src/newlib/_syscalls.o
 .debug_macro   0x000129d0      0x189 ./system/src/newlib/_syscalls.o
 .debug_macro   0x00012b59       0x16 ./system/src/newlib/_syscalls.o
 .debug_macro   0x00012b6f      0x1d0 ./system/src/newlib/assert.o
 .debug_macro   0x00012d3f       0x1c ./system/src/newlib/assert.o
 .debug_macro   0x00012d5b      0x1fb ./system/src/diag/Trace.o
 .debug_macro   0x00012f56       0x4c ./system/src/diag/Trace.o
 .debug_macro   0x00012fa2       0x16 ./system/src/diag/Trace.o
 .debug_macro   0x00012fb8      0x52a ./system/src/diag/trace_impl.o
 .debug_macro   0x000134e2       0x22 ./system/src/diag/trace_impl.o
 .debug_macro   0x00013504      0x4ee ./system/src/cortexm/_initialize_hardware.o
 .debug_macro   0x000139f2      0x557 ./system/src/cortexm/exception_handlers.o
 .debug_macro   0x00013f49       0x3b ./system/src/cortexm/exception_handlers.o
 .debug_macro   0x00013f84      0x4ea ./system/src/cmsis/system_stm32f4xx.o
 .debug_macro   0x0001446e       0x34 ./system/src/cmsis/vectors_stm32f401xc.o
 .debug_macro   0x000144a2       0x41 ./src/00_COTS/04_SERVICE/Temp/Temp.o
 .debug_macro   0x000144e3       0x10 ./src/00_COTS/04_SERVICE/Temp/Temp.o
 .debug_macro   0x000144f3       0x22 ./src/00_COTS/04_SERVICE/Temp/Temp.o
 .debug_macro   0x00014515       0x51 ./src/00_COTS/04_SERVICE/Speed/Speed.o
 .debug_macro   0x00014566       0x41 ./src/00_COTS/04_SERVICE/Fuel/Fuel.o
 .debug_macro   0x000145a7       0x5d ./src/00_COTS/04_SERVICE/BMS/BMS.o
 .debug_macro   0x00014604       0x36 ./src/00_COTS/02_HAL/Time/Time.o
 .debug_macro   0x0001463a       0x16 ./src/00_COTS/02_HAL/Time/Time.o
 .debug_macro   0x00014650       0x5d ./src/00_COTS/02_HAL/System_Init/System_init.o
 .debug_macro   0x000146ad       0x10 ./src/00_COTS/02_HAL/System_Init/System_init.o
 .debug_macro   0x000146bd       0x22 ./src/00_COTS/02_HAL/System_Init/System_init.o
 .debug_macro   0x000146df       0xdc ./src/00_COTS/02_HAL/System_Init/System_init.o
 .debug_macro   0x000147bb      0x196 ./src/00_COTS/02_HAL/System_Init/System_init.o
 .debug_macro   0x00014951       0x51 ./src/00_COTS/02_HAL/ENCODER/Encoder.o
 .debug_macro   0x000149a2       0xdc ./src/00_COTS/02_HAL/ENCODER/Encoder.o
 .debug_macro   0x00014a7e      0x196 ./src/00_COTS/02_HAL/ENCODER/Encoder.o
 .debug_macro   0x00014c14       0x16 ./src/00_COTS/02_HAL/ENCODER/Encoder.o
 .debug_macro   0x00014c2a       0xa0 ./src/00_COTS/02_HAL/ENCODER/Encoder.o
 .debug_macro   0x00014cca       0x49 ./src/00_COTS/02_HAL/DATA _FRAME/DATA_FRAME.o
 .debug_macro   0x00014d13       0x53 ./src/00_COTS/02_HAL/ADC_conversion/ADC_conv.o
 .debug_macro   0x00014d66       0x3f ./src/00_COTS/01_MCAL/07_ADC/ADC.o
 .debug_macro   0x00014da5       0x22 ./src/00_COTS/01_MCAL/07_ADC/ADC.o
 .debug_macro   0x00014dc7       0x10 ./src/00_COTS/01_MCAL/07_ADC/ADC.o
 .debug_macro   0x00014dd7       0xd0 ./src/00_COTS/01_MCAL/07_ADC/ADC.o
 .debug_macro   0x00014ea7       0xd6 ./src/00_COTS/01_MCAL/07_ADC/ADC.o
 .debug_macro   0x00014f7d       0x3f ./src/00_COTS/01_MCAL/06_UART/USART.o
 .debug_macro   0x00014fbc       0x58 ./src/00_COTS/01_MCAL/06_UART/USART.o
 .debug_macro   0x00015014       0xa0 ./src/00_COTS/01_MCAL/06_UART/USART.o
 .debug_macro   0x000150b4       0x3f ./src/00_COTS/01_MCAL/05_DMA/DMA.o
 .debug_macro   0x000150f3       0x52 ./src/00_COTS/01_MCAL/05_DMA/DMA.o
 .debug_macro   0x00015145       0x9a ./src/00_COTS/01_MCAL/05_DMA/DMA.o
 .debug_macro   0x000151df       0x3e ./src/00_COTS/01_MCAL/04_EXTI/EXTI_prog.o
 .debug_macro   0x0001521d       0x16 ./src/00_COTS/01_MCAL/04_EXTI/EXTI_prog.o
 .debug_macro   0x00015233       0x34 ./src/00_COTS/01_MCAL/04_EXTI/EXTI_prog.o
 .debug_macro   0x00015267       0x3f ./src/00_COTS/01_MCAL/03_NVIC/NVIC.o
 .debug_macro   0x000152a6       0x22 ./src/00_COTS/01_MCAL/03_NVIC/NVIC.o
 .debug_macro   0x000152c8       0x3f ./src/00_COTS/01_MCAL/02_SYSTICK/SYSTICK.o
 .debug_macro   0x00015307       0x16 ./src/00_COTS/01_MCAL/02_SYSTICK/SYSTICK.o
 .debug_macro   0x0001531d       0x3f ./src/00_COTS/01_MCAL/01_GPIO/GPIO.o
 .debug_macro   0x0001535c       0x2e ./src/00_COTS/01_MCAL/01_GPIO/GPIO.o
 .debug_macro   0x0001538a       0x3e ./src/00_COTS/01_MCAL/00_RCC/RCC.o
 .debug_macro   0x000153c8       0x5e ./src/00_COTS/01_MCAL/00_RCC/RCC.o
 .debug_macro   0x00015426       0xee ./src/00_COTS/01_MCAL/00_RCC/RCC.o
 .debug_macro   0x00015514       0x67 ./src/00_COTS/main.o
 .debug_macro   0x0001557b      0x4e4 ./src/_initialize_hardware.o
 .debug_macro   0x00015a5f      0x4e4 ./src/stm32f4xx_hal_msp.o
